// Jest Snapshot v1, https://goo.gl/fbAQLP

exports[`Determinism Test Matrix Seed 1 produces deterministic output: seed-1 1`] = `" wonderful planet"`;

exports[`Determinism Test Matrix Seed 2 produces deterministic output: seed-2 1`] = `" wonderful world"`;

exports[`Determinism Test Matrix Seed 3 produces deterministic output: seed-3 1`] = `" fantastic universe"`;

exports[`Determinism Test Matrix Seed 4 produces deterministic output: seed-4 1`] = `" amazing world"`;

exports[`Determinism Test Matrix Seed 5 produces deterministic output: seed-5 1`] = `" amazing planet"`;

exports[`Determinism Test Matrix Seed 6 produces deterministic output: seed-6 1`] = `" beautiful planet"`;

exports[`Determinism Test Matrix Seed 7 produces deterministic output: seed-7 1`] = `" beautiful planet"`;

exports[`Determinism Test Matrix Seed 8 produces deterministic output: seed-8 1`] = `" wonderful earth"`;

exports[`Determinism Test Matrix Seed 9 produces deterministic output: seed-9 1`] = `" wonderful planet"`;

exports[`Determinism Test Matrix Seed 10 produces deterministic output: seed-10 1`] = `" beautiful world"`;

exports[`Determinism Test Matrix Seed 11 produces deterministic output: seed-11 1`] = `" wonderful planet"`;

exports[`Determinism Test Matrix Seed 12 produces deterministic output: seed-12 1`] = `" wonderful planet"`;

exports[`Determinism Test Matrix Seed 13 produces deterministic output: seed-13 1`] = `" beautiful planet"`;

exports[`Determinism Test Matrix Seed 14 produces deterministic output: seed-14 1`] = `" beautiful planet"`;

exports[`Determinism Test Matrix Seed 15 produces deterministic output: seed-15 1`] = `" incredible universe"`;

exports[`Determinism Test Matrix Seed 16 produces deterministic output: seed-16 1`] = `" fantastic world"`;

exports[`Determinism Test Matrix Seed 17 produces deterministic output: seed-17 1`] = `" wonderful earth"`;

exports[`Determinism Test Matrix Seed 18 produces deterministic output: seed-18 1`] = `" wonderful world"`;

exports[`Determinism Test Matrix Seed 19 produces deterministic output: seed-19 1`] = `" amazing earth"`;

exports[`Determinism Test Matrix Seed 20 produces deterministic output: seed-20 1`] = `" beautiful world"`;

exports[`Determinism Test Matrix Seed 21 produces deterministic output: seed-21 1`] = `" fantastic planet"`;

exports[`Determinism Test Matrix Seed 22 produces deterministic output: seed-22 1`] = `" wonderful world"`;

exports[`Determinism Test Matrix Seed 23 produces deterministic output: seed-23 1`] = `" beautiful universe"`;

exports[`Determinism Test Matrix Seed 24 produces deterministic output: seed-24 1`] = `" wonderful universe"`;

exports[`Determinism Test Matrix Seed 25 produces deterministic output: seed-25 1`] = `" incredible planet"`;

exports[`Determinism Test Matrix Seed 26 produces deterministic output: seed-26 1`] = `" amazing universe"`;

exports[`Determinism Test Matrix Seed 27 produces deterministic output: seed-27 1`] = `" beautiful universe"`;

exports[`Determinism Test Matrix Seed 28 produces deterministic output: seed-28 1`] = `" beautiful planet"`;

exports[`Determinism Test Matrix Seed 29 produces deterministic output: seed-29 1`] = `" beautiful earth"`;

exports[`Determinism Test Matrix Seed 30 produces deterministic output: seed-30 1`] = `" fantastic planet"`;

exports[`Determinism Test Matrix Seed 31 produces deterministic output: seed-31 1`] = `" wonderful planet"`;

exports[`Determinism Test Matrix Seed 32 produces deterministic output: seed-32 1`] = `" beautiful universe"`;

exports[`Determinism Test Matrix Seed 33 produces deterministic output: seed-33 1`] = `" fantastic universe"`;

exports[`Determinism Test Matrix Seed 34 produces deterministic output: seed-34 1`] = `" wonderful world"`;

exports[`Determinism Test Matrix Seed 35 produces deterministic output: seed-35 1`] = `" wonderful universe"`;

exports[`Determinism Test Matrix Seed 36 produces deterministic output: seed-36 1`] = `" wonderful universe"`;

exports[`Determinism Test Matrix Seed 37 produces deterministic output: seed-37 1`] = `" amazing world"`;

exports[`Determinism Test Matrix Seed 38 produces deterministic output: seed-38 1`] = `" fantastic universe"`;

exports[`Determinism Test Matrix Seed 39 produces deterministic output: seed-39 1`] = `" wonderful planet"`;

exports[`Determinism Test Matrix Seed 40 produces deterministic output: seed-40 1`] = `" incredible world"`;

exports[`Determinism Test Matrix Seed 41 produces deterministic output: seed-41 1`] = `" beautiful world"`;

exports[`Determinism Test Matrix Seed 42 produces deterministic output: seed-42 1`] = `" beautiful earth"`;

exports[`Determinism Test Matrix Seed 43 produces deterministic output: seed-43 1`] = `" wonderful universe"`;

exports[`Determinism Test Matrix Seed 44 produces deterministic output: seed-44 1`] = `" amazing world"`;

exports[`Determinism Test Matrix Seed 45 produces deterministic output: seed-45 1`] = `" amazing universe"`;

exports[`Determinism Test Matrix Seed 46 produces deterministic output: seed-46 1`] = `" incredible universe"`;

exports[`Determinism Test Matrix Seed 47 produces deterministic output: seed-47 1`] = `" wonderful world"`;

exports[`Determinism Test Matrix Seed 48 produces deterministic output: seed-48 1`] = `" wonderful universe"`;

exports[`Determinism Test Matrix Seed 49 produces deterministic output: seed-49 1`] = `" incredible earth"`;

exports[`Determinism Test Matrix Seed 50 produces deterministic output: seed-50 1`] = `" incredible world"`;
