
  VITE v5.4.19  ready in 104 ms

  ➜  Local:   http://localhost:3001/
  ➜  Network: http://192.168.1.238:3001/
  ➜  Network: http://192.168.1.191:3001/
3:01:00 PM [vite] hmr update /src/App.tsx
3:01:13 PM [vite] hmr update /src/App.tsx
3:01:27 PM [vite] hmr update /src/App.tsx
3:03:46 PM [vite] hmr update /src/App.tsx
3:03:59 PM [vite] hmr update /src/App.tsx
3:04:20 PM [vite] hmr update /src/App.tsx
3:04:29 PM [vite] hmr update /src/App.tsx
3:09:39 PM [vite] hmr update /src/App.tsx
3:09:54 PM [vite] hmr update /src/App.tsx
3:10:05 PM [vite] hmr update /src/App.tsx
3:10:15 PM [vite] hmr update /src/App.tsx
3:10:26 PM [vite] hmr update /src/App.tsx
3:10:37 PM [vite] hmr update /src/App.tsx
3:11:00 PM [vite] hmr update /src/App.tsx
3:13:24 PM [vite] hmr update /src/App.tsx
3:13:34 PM [vite] hmr update /src/App.tsx
3:13:41 PM [vite] hmr update /src/App.tsx
3:13:52 PM [vite] hmr update /src/App.tsx
3:14:09 PM [vite] hmr update /src/App.tsx
3:14:23 PM [vite] hmr update /src/App.tsx
3:17:06 PM [vite] hmr update /src/App.tsx
3:17:16 PM [vite] hmr update /src/App.tsx
3:17:29 PM [vite] hmr update /src/App.tsx
3:25:49 PM [vite] hmr update /src/App.tsx
3:43:50 PM [vite] hmr update /src/App.tsx
4:27:03 PM [vite] changed tsconfig file detected: /Users/brianbehm/CascadeProjects/prompt-spaghetti/client/tsconfig.json - Clearing cache and forcing full-reload to ensure TypeScript is compiled with updated config values.
4:44:02 PM [vite] hmr update /src/App.tsx
4:49:31 PM [vite] hmr update /src/App.tsx
5:29:19 PM [vite] hmr update /src/App.tsx
5:36:04 PM [vite] hmr update /src/App.tsx
5:38:06 PM [vite] hmr update /src/App.tsx
5:38:35 PM [vite] hmr update /src/App.tsx
5:42:21 PM [vite] hmr update /src/App.tsx
5:46:11 PM [vite] hmr update /src/App.tsx
6:26:14 PM [vite] hmr update /src/App.tsx
6:26:59 PM [vite] hmr update /src/App.tsx
6:28:42 PM [vite] hmr update /src/App.tsx
6:33:39 PM [vite] hmr update /src/App.tsx
6:35:49 PM [vite] hmr update /src/App.tsx
6:39:21 PM [vite] hmr update /src/App.tsx
6:42:30 PM [vite] hmr update /src/App.tsx
6:45:00 PM [vite] hmr update /src/App.tsx
6:48:25 PM [vite] hmr update /src/App.tsx
6:48:25 PM [vite] Internal server error: /Users/brianbehm/CascadeProjects/prompt-spaghetti/client/src/App.tsx: Unexpected token, expected "," (305:6)

  303 |       // Select the newly created node
  304 |       setTimeout(() => syncNodeSelection(newNode.id), 50);
> 305 |     } else {
      |       ^
  306 |       console.error('ReactFlow wrapper reference is not available');
  307 |     }
  308 |   }, [project, syncNodeSelection, nodes]);
  Plugin: vite:react-babel
  File: /Users/brianbehm/CascadeProjects/prompt-spaghetti/client/src/App.tsx:305:6
  303|        // Select the newly created node
  304|        setTimeout(() => syncNodeSelection(newNode.id), 50);
  305|      } else {
     |        ^
  306|        console.error('ReactFlow wrapper reference is not available');
  307|      }
      at constructor (/Users/brianbehm/CascadeProjects/prompt-spaghetti/client/node_modules/@babel/parser/lib/index.js:367:19)
      at TypeScriptParserMixin.raise (/Users/brianbehm/CascadeProjects/prompt-spaghetti/client/node_modules/@babel/parser/lib/index.js:6627:19)
      at TypeScriptParserMixin.unexpected (/Users/brianbehm/CascadeProjects/prompt-spaghetti/client/node_modules/@babel/parser/lib/index.js:6647:16)
      at TypeScriptParserMixin.expect (/Users/brianbehm/CascadeProjects/prompt-spaghetti/client/node_modules/@babel/parser/lib/index.js:6927:12)
      at TypeScriptParserMixin.parseCallExpressionArguments (/Users/brianbehm/CascadeProjects/prompt-spaghetti/client/node_modules/@babel/parser/lib/index.js:11238:14)
      at TypeScriptParserMixin.parseCoverCallAndAsyncArrowHead (/Users/brianbehm/CascadeProjects/prompt-spaghetti/client/node_modules/@babel/parser/lib/index.js:11181:29)
      at TypeScriptParserMixin.parseSubscript (/Users/brianbehm/CascadeProjects/prompt-spaghetti/client/node_modules/@babel/parser/lib/index.js:11115:19)
      at TypeScriptParserMixin.parseSubscript (/Users/brianbehm/CascadeProjects/prompt-spaghetti/client/node_modules/@babel/parser/lib/index.js:9353:18)
      at TypeScriptParserMixin.parseSubscripts (/Users/brianbehm/CascadeProjects/prompt-spaghetti/client/node_modules/@babel/parser/lib/index.js:11089:19)
      at TypeScriptParserMixin.parseExprSubscripts (/Users/brianbehm/CascadeProjects/prompt-spaghetti/client/node_modules/@babel/parser/lib/index.js:11080:17)
      at TypeScriptParserMixin.parseUpdate (/Users/brianbehm/CascadeProjects/prompt-spaghetti/client/node_modules/@babel/parser/lib/index.js:11061:21)
      at TypeScriptParserMixin.parseMaybeUnary (/Users/brianbehm/CascadeProjects/prompt-spaghetti/client/node_modules/@babel/parser/lib/index.js:11041:23)
      at TypeScriptParserMixin.parseMaybeUnary (/Users/brianbehm/CascadeProjects/prompt-spaghetti/client/node_modules/@babel/parser/lib/index.js:9852:18)
      at TypeScriptParserMixin.parseMaybeUnaryOrPrivate (/Users/brianbehm/CascadeProjects/prompt-spaghetti/client/node_modules/@babel/parser/lib/index.js:10894:61)
      at TypeScriptParserMixin.parseExprOps (/Users/brianbehm/CascadeProjects/prompt-spaghetti/client/node_modules/@babel/parser/lib/index.js:10899:23)
      at TypeScriptParserMixin.parseMaybeConditional (/Users/brianbehm/CascadeProjects/prompt-spaghetti/client/node_modules/@babel/parser/lib/index.js:10876:23)
      at TypeScriptParserMixin.parseMaybeAssign (/Users/brianbehm/CascadeProjects/prompt-spaghetti/client/node_modules/@babel/parser/lib/index.js:10826:21)
      at TypeScriptParserMixin.parseMaybeAssign (/Users/brianbehm/CascadeProjects/prompt-spaghetti/client/node_modules/@babel/parser/lib/index.js:9801:20)
      at /Users/brianbehm/CascadeProjects/prompt-spaghetti/client/node_modules/@babel/parser/lib/index.js:10795:39
      at TypeScriptParserMixin.allowInAnd (/Users/brianbehm/CascadeProjects/prompt-spaghetti/client/node_modules/@babel/parser/lib/index.js:12422:16)
      at TypeScriptParserMixin.parseMaybeAssignAllowIn (/Users/brianbehm/CascadeProjects/prompt-spaghetti/client/node_modules/@babel/parser/lib/index.js:10795:17)
      at TypeScriptParserMixin.parseVar (/Users/brianbehm/CascadeProjects/prompt-spaghetti/client/node_modules/@babel/parser/lib/index.js:13384:91)
      at TypeScriptParserMixin.parseVarStatement (/Users/brianbehm/CascadeProjects/prompt-spaghetti/client/node_modules/@babel/parser/lib/index.js:13230:10)
      at TypeScriptParserMixin.parseVarStatement (/Users/brianbehm/CascadeProjects/prompt-spaghetti/client/node_modules/@babel/parser/lib/index.js:9493:31)
      at TypeScriptParserMixin.parseStatementContent (/Users/brianbehm/CascadeProjects/prompt-spaghetti/client/node_modules/@babel/parser/lib/index.js:12851:23)
      at TypeScriptParserMixin.parseStatementContent (/Users/brianbehm/CascadeProjects/prompt-spaghetti/client/node_modules/@babel/parser/lib/index.js:9527:18)
      at TypeScriptParserMixin.parseStatementLike (/Users/brianbehm/CascadeProjects/prompt-spaghetti/client/node_modules/@babel/parser/lib/index.js:12767:17)
      at TypeScriptParserMixin.parseStatementListItem (/Users/brianbehm/CascadeProjects/prompt-spaghetti/client/node_modules/@babel/parser/lib/index.js:12747:17)
      at TypeScriptParserMixin.parseBlockOrModuleBlockBody (/Users/brianbehm/CascadeProjects/prompt-spaghetti/client/node_modules/@babel/parser/lib/index.js:13316:61)
      at TypeScriptParserMixin.parseBlockBody (/Users/brianbehm/CascadeProjects/prompt-spaghetti/client/node_modules/@babel/parser/lib/index.js:13309:10)
      at TypeScriptParserMixin.parseBlock (/Users/brianbehm/CascadeProjects/prompt-spaghetti/client/node_modules/@babel/parser/lib/index.js:13297:10)
      at TypeScriptParserMixin.parseFunctionBody (/Users/brianbehm/CascadeProjects/prompt-spaghetti/client/node_modules/@babel/parser/lib/index.js:12101:24)
      at TypeScriptParserMixin.parseFunctionBodyAndFinish (/Users/brianbehm/CascadeProjects/prompt-spaghetti/client/node_modules/@babel/parser/lib/index.js:12087:10)
      at TypeScriptParserMixin.parseFunctionBodyAndFinish (/Users/brianbehm/CascadeProjects/prompt-spaghetti/client/node_modules/@babel/parser/lib/index.js:9248:18)
      at /Users/brianbehm/CascadeProjects/prompt-spaghetti/client/node_modules/@babel/parser/lib/index.js:13445:12
      at TypeScriptParserMixin.withSmartMixTopicForbiddingContext (/Users/brianbehm/CascadeProjects/prompt-spaghetti/client/node_modules/@babel/parser/lib/index.js:12404:14)
      at TypeScriptParserMixin.parseFunction (/Users/brianbehm/CascadeProjects/prompt-spaghetti/client/node_modules/@babel/parser/lib/index.js:13444:10)
      at TypeScriptParserMixin.parseFunctionStatement (/Users/brianbehm/CascadeProjects/prompt-spaghetti/client/node_modules/@babel/parser/lib/index.js:13125:17)
      at TypeScriptParserMixin.parseStatementContent (/Users/brianbehm/CascadeProjects/prompt-spaghetti/client/node_modules/@babel/parser/lib/index.js:12791:21)
      at TypeScriptParserMixin.parseStatementContent (/Users/brianbehm/CascadeProjects/prompt-spaghetti/client/node_modules/@babel/parser/lib/index.js:9527:18)
      at TypeScriptParserMixin.parseStatementLike (/Users/brianbehm/CascadeProjects/prompt-spaghetti/client/node_modules/@babel/parser/lib/index.js:12767:17)
      at TypeScriptParserMixin.parseModuleItem (/Users/brianbehm/CascadeProjects/prompt-spaghetti/client/node_modules/@babel/parser/lib/index.js:12744:17)
      at TypeScriptParserMixin.parseBlockOrModuleBlockBody (/Users/brianbehm/CascadeProjects/prompt-spaghetti/client/node_modules/@babel/parser/lib/index.js:13316:36)
      at TypeScriptParserMixin.parseBlockBody (/Users/brianbehm/CascadeProjects/prompt-spaghetti/client/node_modules/@babel/parser/lib/index.js:13309:10)
      at TypeScriptParserMixin.parseProgram (/Users/brianbehm/CascadeProjects/prompt-spaghetti/client/node_modules/@babel/parser/lib/index.js:12625:10)
      at TypeScriptParserMixin.parseTopLevel (/Users/brianbehm/CascadeProjects/prompt-spaghetti/client/node_modules/@babel/parser/lib/index.js:12615:25)
      at TypeScriptParserMixin.parse (/Users/brianbehm/CascadeProjects/prompt-spaghetti/client/node_modules/@babel/parser/lib/index.js:14492:10)
      at TypeScriptParserMixin.parse (/Users/brianbehm/CascadeProjects/prompt-spaghetti/client/node_modules/@babel/parser/lib/index.js:10144:18)
      at parse (/Users/brianbehm/CascadeProjects/prompt-spaghetti/client/node_modules/@babel/parser/lib/index.js:14526:38)
      at parser (/Users/brianbehm/CascadeProjects/prompt-spaghetti/client/node_modules/@babel/core/lib/parser/index.js:41:34)
6:49:18 PM [vite] hmr update /src/App.tsx
6:49:18 PM [vite] Internal server error: /Users/brianbehm/CascadeProjects/prompt-spaghetti/client/src/App.tsx: Unexpected token, expected "," (301:6)

  299 |       // Select the newly created node
  300 |       setTimeout(() => syncNodeSelection(newNode.id), 50);
> 301 |     } else {
      |       ^
  302 |       console.error('ReactFlow wrapper reference is not available');
  303 |     }
  304 |   }, [project, syncNodeSelection, nodes]);
  Plugin: vite:react-babel
  File: /Users/brianbehm/CascadeProjects/prompt-spaghetti/client/src/App.tsx:301:6
  299|        // Select the newly created node
  300|        setTimeout(() => syncNodeSelection(newNode.id), 50);
  301|      } else {
     |        ^
  302|        console.error('ReactFlow wrapper reference is not available');
  303|      }
      at constructor (/Users/brianbehm/CascadeProjects/prompt-spaghetti/client/node_modules/@babel/parser/lib/index.js:367:19)
      at TypeScriptParserMixin.raise (/Users/brianbehm/CascadeProjects/prompt-spaghetti/client/node_modules/@babel/parser/lib/index.js:6627:19)
      at TypeScriptParserMixin.unexpected (/Users/brianbehm/CascadeProjects/prompt-spaghetti/client/node_modules/@babel/parser/lib/index.js:6647:16)
      at TypeScriptParserMixin.expect (/Users/brianbehm/CascadeProjects/prompt-spaghetti/client/node_modules/@babel/parser/lib/index.js:6927:12)
      at TypeScriptParserMixin.parseCallExpressionArguments (/Users/brianbehm/CascadeProjects/prompt-spaghetti/client/node_modules/@babel/parser/lib/index.js:11238:14)
      at TypeScriptParserMixin.parseCoverCallAndAsyncArrowHead (/Users/brianbehm/CascadeProjects/prompt-spaghetti/client/node_modules/@babel/parser/lib/index.js:11181:29)
      at TypeScriptParserMixin.parseSubscript (/Users/brianbehm/CascadeProjects/prompt-spaghetti/client/node_modules/@babel/parser/lib/index.js:11115:19)
      at TypeScriptParserMixin.parseSubscript (/Users/brianbehm/CascadeProjects/prompt-spaghetti/client/node_modules/@babel/parser/lib/index.js:9353:18)
      at TypeScriptParserMixin.parseSubscripts (/Users/brianbehm/CascadeProjects/prompt-spaghetti/client/node_modules/@babel/parser/lib/index.js:11089:19)
      at TypeScriptParserMixin.parseExprSubscripts (/Users/brianbehm/CascadeProjects/prompt-spaghetti/client/node_modules/@babel/parser/lib/index.js:11080:17)
      at TypeScriptParserMixin.parseUpdate (/Users/brianbehm/CascadeProjects/prompt-spaghetti/client/node_modules/@babel/parser/lib/index.js:11061:21)
      at TypeScriptParserMixin.parseMaybeUnary (/Users/brianbehm/CascadeProjects/prompt-spaghetti/client/node_modules/@babel/parser/lib/index.js:11041:23)
      at TypeScriptParserMixin.parseMaybeUnary (/Users/brianbehm/CascadeProjects/prompt-spaghetti/client/node_modules/@babel/parser/lib/index.js:9852:18)
      at TypeScriptParserMixin.parseMaybeUnaryOrPrivate (/Users/brianbehm/CascadeProjects/prompt-spaghetti/client/node_modules/@babel/parser/lib/index.js:10894:61)
      at TypeScriptParserMixin.parseExprOps (/Users/brianbehm/CascadeProjects/prompt-spaghetti/client/node_modules/@babel/parser/lib/index.js:10899:23)
      at TypeScriptParserMixin.parseMaybeConditional (/Users/brianbehm/CascadeProjects/prompt-spaghetti/client/node_modules/@babel/parser/lib/index.js:10876:23)
      at TypeScriptParserMixin.parseMaybeAssign (/Users/brianbehm/CascadeProjects/prompt-spaghetti/client/node_modules/@babel/parser/lib/index.js:10826:21)
      at TypeScriptParserMixin.parseMaybeAssign (/Users/brianbehm/CascadeProjects/prompt-spaghetti/client/node_modules/@babel/parser/lib/index.js:9801:20)
      at /Users/brianbehm/CascadeProjects/prompt-spaghetti/client/node_modules/@babel/parser/lib/index.js:10795:39
      at TypeScriptParserMixin.allowInAnd (/Users/brianbehm/CascadeProjects/prompt-spaghetti/client/node_modules/@babel/parser/lib/index.js:12422:16)
      at TypeScriptParserMixin.parseMaybeAssignAllowIn (/Users/brianbehm/CascadeProjects/prompt-spaghetti/client/node_modules/@babel/parser/lib/index.js:10795:17)
      at TypeScriptParserMixin.parseVar (/Users/brianbehm/CascadeProjects/prompt-spaghetti/client/node_modules/@babel/parser/lib/index.js:13384:91)
      at TypeScriptParserMixin.parseVarStatement (/Users/brianbehm/CascadeProjects/prompt-spaghetti/client/node_modules/@babel/parser/lib/index.js:13230:10)
      at TypeScriptParserMixin.parseVarStatement (/Users/brianbehm/CascadeProjects/prompt-spaghetti/client/node_modules/@babel/parser/lib/index.js:9493:31)
      at TypeScriptParserMixin.parseStatementContent (/Users/brianbehm/CascadeProjects/prompt-spaghetti/client/node_modules/@babel/parser/lib/index.js:12851:23)
      at TypeScriptParserMixin.parseStatementContent (/Users/brianbehm/CascadeProjects/prompt-spaghetti/client/node_modules/@babel/parser/lib/index.js:9527:18)
      at TypeScriptParserMixin.parseStatementLike (/Users/brianbehm/CascadeProjects/prompt-spaghetti/client/node_modules/@babel/parser/lib/index.js:12767:17)
      at TypeScriptParserMixin.parseStatementListItem (/Users/brianbehm/CascadeProjects/prompt-spaghetti/client/node_modules/@babel/parser/lib/index.js:12747:17)
      at TypeScriptParserMixin.parseBlockOrModuleBlockBody (/Users/brianbehm/CascadeProjects/prompt-spaghetti/client/node_modules/@babel/parser/lib/index.js:13316:61)
      at TypeScriptParserMixin.parseBlockBody (/Users/brianbehm/CascadeProjects/prompt-spaghetti/client/node_modules/@babel/parser/lib/index.js:13309:10)
      at TypeScriptParserMixin.parseBlock (/Users/brianbehm/CascadeProjects/prompt-spaghetti/client/node_modules/@babel/parser/lib/index.js:13297:10)
      at TypeScriptParserMixin.parseFunctionBody (/Users/brianbehm/CascadeProjects/prompt-spaghetti/client/node_modules/@babel/parser/lib/index.js:12101:24)
      at TypeScriptParserMixin.parseFunctionBodyAndFinish (/Users/brianbehm/CascadeProjects/prompt-spaghetti/client/node_modules/@babel/parser/lib/index.js:12087:10)
      at TypeScriptParserMixin.parseFunctionBodyAndFinish (/Users/brianbehm/CascadeProjects/prompt-spaghetti/client/node_modules/@babel/parser/lib/index.js:9248:18)
      at /Users/brianbehm/CascadeProjects/prompt-spaghetti/client/node_modules/@babel/parser/lib/index.js:13445:12
      at TypeScriptParserMixin.withSmartMixTopicForbiddingContext (/Users/brianbehm/CascadeProjects/prompt-spaghetti/client/node_modules/@babel/parser/lib/index.js:12404:14)
      at TypeScriptParserMixin.parseFunction (/Users/brianbehm/CascadeProjects/prompt-spaghetti/client/node_modules/@babel/parser/lib/index.js:13444:10)
      at TypeScriptParserMixin.parseFunctionStatement (/Users/brianbehm/CascadeProjects/prompt-spaghetti/client/node_modules/@babel/parser/lib/index.js:13125:17)
      at TypeScriptParserMixin.parseStatementContent (/Users/brianbehm/CascadeProjects/prompt-spaghetti/client/node_modules/@babel/parser/lib/index.js:12791:21)
      at TypeScriptParserMixin.parseStatementContent (/Users/brianbehm/CascadeProjects/prompt-spaghetti/client/node_modules/@babel/parser/lib/index.js:9527:18)
      at TypeScriptParserMixin.parseStatementLike (/Users/brianbehm/CascadeProjects/prompt-spaghetti/client/node_modules/@babel/parser/lib/index.js:12767:17)
      at TypeScriptParserMixin.parseModuleItem (/Users/brianbehm/CascadeProjects/prompt-spaghetti/client/node_modules/@babel/parser/lib/index.js:12744:17)
      at TypeScriptParserMixin.parseBlockOrModuleBlockBody (/Users/brianbehm/CascadeProjects/prompt-spaghetti/client/node_modules/@babel/parser/lib/index.js:13316:36)
      at TypeScriptParserMixin.parseBlockBody (/Users/brianbehm/CascadeProjects/prompt-spaghetti/client/node_modules/@babel/parser/lib/index.js:13309:10)
      at TypeScriptParserMixin.parseProgram (/Users/brianbehm/CascadeProjects/prompt-spaghetti/client/node_modules/@babel/parser/lib/index.js:12625:10)
      at TypeScriptParserMixin.parseTopLevel (/Users/brianbehm/CascadeProjects/prompt-spaghetti/client/node_modules/@babel/parser/lib/index.js:12615:25)
      at TypeScriptParserMixin.parse (/Users/brianbehm/CascadeProjects/prompt-spaghetti/client/node_modules/@babel/parser/lib/index.js:14492:10)
      at TypeScriptParserMixin.parse (/Users/brianbehm/CascadeProjects/prompt-spaghetti/client/node_modules/@babel/parser/lib/index.js:10144:18)
      at parse (/Users/brianbehm/CascadeProjects/prompt-spaghetti/client/node_modules/@babel/parser/lib/index.js:14526:38)
      at parser (/Users/brianbehm/CascadeProjects/prompt-spaghetti/client/node_modules/@babel/core/lib/parser/index.js:41:34)
6:50:22 PM [vite] hmr update /src/App.tsx
6:50:22 PM [vite] Internal server error: /Users/brianbehm/CascadeProjects/prompt-spaghetti/client/src/App.tsx: Unexpected token, expected "," (308:6)

  306 |       // Select the newly created node
  307 |       setTimeout(() => syncNodeSelection(newNode.id), 50);
> 308 |     } else {
      |       ^
  309 |       console.error('ReactFlow wrapper reference is not available');
  310 |     }
  311 |   }, [project, syncNodeSelection, nodes]);
  Plugin: vite:react-babel
  File: /Users/brianbehm/CascadeProjects/prompt-spaghetti/client/src/App.tsx:308:6
  306|        // Select the newly created node
  307|        setTimeout(() => syncNodeSelection(newNode.id), 50);
  308|      } else {
     |        ^
  309|        console.error('ReactFlow wrapper reference is not available');
  310|      }
      at constructor (/Users/brianbehm/CascadeProjects/prompt-spaghetti/client/node_modules/@babel/parser/lib/index.js:367:19)
      at TypeScriptParserMixin.raise (/Users/brianbehm/CascadeProjects/prompt-spaghetti/client/node_modules/@babel/parser/lib/index.js:6627:19)
      at TypeScriptParserMixin.unexpected (/Users/brianbehm/CascadeProjects/prompt-spaghetti/client/node_modules/@babel/parser/lib/index.js:6647:16)
      at TypeScriptParserMixin.expect (/Users/brianbehm/CascadeProjects/prompt-spaghetti/client/node_modules/@babel/parser/lib/index.js:6927:12)
      at TypeScriptParserMixin.parseCallExpressionArguments (/Users/brianbehm/CascadeProjects/prompt-spaghetti/client/node_modules/@babel/parser/lib/index.js:11238:14)
      at TypeScriptParserMixin.parseCoverCallAndAsyncArrowHead (/Users/brianbehm/CascadeProjects/prompt-spaghetti/client/node_modules/@babel/parser/lib/index.js:11181:29)
      at TypeScriptParserMixin.parseSubscript (/Users/brianbehm/CascadeProjects/prompt-spaghetti/client/node_modules/@babel/parser/lib/index.js:11115:19)
      at TypeScriptParserMixin.parseSubscript (/Users/brianbehm/CascadeProjects/prompt-spaghetti/client/node_modules/@babel/parser/lib/index.js:9353:18)
      at TypeScriptParserMixin.parseSubscripts (/Users/brianbehm/CascadeProjects/prompt-spaghetti/client/node_modules/@babel/parser/lib/index.js:11089:19)
      at TypeScriptParserMixin.parseExprSubscripts (/Users/brianbehm/CascadeProjects/prompt-spaghetti/client/node_modules/@babel/parser/lib/index.js:11080:17)
      at TypeScriptParserMixin.parseUpdate (/Users/brianbehm/CascadeProjects/prompt-spaghetti/client/node_modules/@babel/parser/lib/index.js:11061:21)
      at TypeScriptParserMixin.parseMaybeUnary (/Users/brianbehm/CascadeProjects/prompt-spaghetti/client/node_modules/@babel/parser/lib/index.js:11041:23)
      at TypeScriptParserMixin.parseMaybeUnary (/Users/brianbehm/CascadeProjects/prompt-spaghetti/client/node_modules/@babel/parser/lib/index.js:9852:18)
      at TypeScriptParserMixin.parseMaybeUnaryOrPrivate (/Users/brianbehm/CascadeProjects/prompt-spaghetti/client/node_modules/@babel/parser/lib/index.js:10894:61)
      at TypeScriptParserMixin.parseExprOps (/Users/brianbehm/CascadeProjects/prompt-spaghetti/client/node_modules/@babel/parser/lib/index.js:10899:23)
      at TypeScriptParserMixin.parseMaybeConditional (/Users/brianbehm/CascadeProjects/prompt-spaghetti/client/node_modules/@babel/parser/lib/index.js:10876:23)
      at TypeScriptParserMixin.parseMaybeAssign (/Users/brianbehm/CascadeProjects/prompt-spaghetti/client/node_modules/@babel/parser/lib/index.js:10826:21)
      at TypeScriptParserMixin.parseMaybeAssign (/Users/brianbehm/CascadeProjects/prompt-spaghetti/client/node_modules/@babel/parser/lib/index.js:9801:20)
      at /Users/brianbehm/CascadeProjects/prompt-spaghetti/client/node_modules/@babel/parser/lib/index.js:10795:39
      at TypeScriptParserMixin.allowInAnd (/Users/brianbehm/CascadeProjects/prompt-spaghetti/client/node_modules/@babel/parser/lib/index.js:12422:16)
      at TypeScriptParserMixin.parseMaybeAssignAllowIn (/Users/brianbehm/CascadeProjects/prompt-spaghetti/client/node_modules/@babel/parser/lib/index.js:10795:17)
      at TypeScriptParserMixin.parseVar (/Users/brianbehm/CascadeProjects/prompt-spaghetti/client/node_modules/@babel/parser/lib/index.js:13384:91)
      at TypeScriptParserMixin.parseVarStatement (/Users/brianbehm/CascadeProjects/prompt-spaghetti/client/node_modules/@babel/parser/lib/index.js:13230:10)
      at TypeScriptParserMixin.parseVarStatement (/Users/brianbehm/CascadeProjects/prompt-spaghetti/client/node_modules/@babel/parser/lib/index.js:9493:31)
      at TypeScriptParserMixin.parseStatementContent (/Users/brianbehm/CascadeProjects/prompt-spaghetti/client/node_modules/@babel/parser/lib/index.js:12851:23)
      at TypeScriptParserMixin.parseStatementContent (/Users/brianbehm/CascadeProjects/prompt-spaghetti/client/node_modules/@babel/parser/lib/index.js:9527:18)
      at TypeScriptParserMixin.parseStatementLike (/Users/brianbehm/CascadeProjects/prompt-spaghetti/client/node_modules/@babel/parser/lib/index.js:12767:17)
      at TypeScriptParserMixin.parseStatementListItem (/Users/brianbehm/CascadeProjects/prompt-spaghetti/client/node_modules/@babel/parser/lib/index.js:12747:17)
      at TypeScriptParserMixin.parseBlockOrModuleBlockBody (/Users/brianbehm/CascadeProjects/prompt-spaghetti/client/node_modules/@babel/parser/lib/index.js:13316:61)
      at TypeScriptParserMixin.parseBlockBody (/Users/brianbehm/CascadeProjects/prompt-spaghetti/client/node_modules/@babel/parser/lib/index.js:13309:10)
      at TypeScriptParserMixin.parseBlock (/Users/brianbehm/CascadeProjects/prompt-spaghetti/client/node_modules/@babel/parser/lib/index.js:13297:10)
      at TypeScriptParserMixin.parseFunctionBody (/Users/brianbehm/CascadeProjects/prompt-spaghetti/client/node_modules/@babel/parser/lib/index.js:12101:24)
      at TypeScriptParserMixin.parseFunctionBodyAndFinish (/Users/brianbehm/CascadeProjects/prompt-spaghetti/client/node_modules/@babel/parser/lib/index.js:12087:10)
      at TypeScriptParserMixin.parseFunctionBodyAndFinish (/Users/brianbehm/CascadeProjects/prompt-spaghetti/client/node_modules/@babel/parser/lib/index.js:9248:18)
      at /Users/brianbehm/CascadeProjects/prompt-spaghetti/client/node_modules/@babel/parser/lib/index.js:13445:12
      at TypeScriptParserMixin.withSmartMixTopicForbiddingContext (/Users/brianbehm/CascadeProjects/prompt-spaghetti/client/node_modules/@babel/parser/lib/index.js:12404:14)
      at TypeScriptParserMixin.parseFunction (/Users/brianbehm/CascadeProjects/prompt-spaghetti/client/node_modules/@babel/parser/lib/index.js:13444:10)
      at TypeScriptParserMixin.parseFunctionStatement (/Users/brianbehm/CascadeProjects/prompt-spaghetti/client/node_modules/@babel/parser/lib/index.js:13125:17)
      at TypeScriptParserMixin.parseStatementContent (/Users/brianbehm/CascadeProjects/prompt-spaghetti/client/node_modules/@babel/parser/lib/index.js:12791:21)
      at TypeScriptParserMixin.parseStatementContent (/Users/brianbehm/CascadeProjects/prompt-spaghetti/client/node_modules/@babel/parser/lib/index.js:9527:18)
      at TypeScriptParserMixin.parseStatementLike (/Users/brianbehm/CascadeProjects/prompt-spaghetti/client/node_modules/@babel/parser/lib/index.js:12767:17)
      at TypeScriptParserMixin.parseModuleItem (/Users/brianbehm/CascadeProjects/prompt-spaghetti/client/node_modules/@babel/parser/lib/index.js:12744:17)
      at TypeScriptParserMixin.parseBlockOrModuleBlockBody (/Users/brianbehm/CascadeProjects/prompt-spaghetti/client/node_modules/@babel/parser/lib/index.js:13316:36)
      at TypeScriptParserMixin.parseBlockBody (/Users/brianbehm/CascadeProjects/prompt-spaghetti/client/node_modules/@babel/parser/lib/index.js:13309:10)
      at TypeScriptParserMixin.parseProgram (/Users/brianbehm/CascadeProjects/prompt-spaghetti/client/node_modules/@babel/parser/lib/index.js:12625:10)
      at TypeScriptParserMixin.parseTopLevel (/Users/brianbehm/CascadeProjects/prompt-spaghetti/client/node_modules/@babel/parser/lib/index.js:12615:25)
      at TypeScriptParserMixin.parse (/Users/brianbehm/CascadeProjects/prompt-spaghetti/client/node_modules/@babel/parser/lib/index.js:14492:10)
      at TypeScriptParserMixin.parse (/Users/brianbehm/CascadeProjects/prompt-spaghetti/client/node_modules/@babel/parser/lib/index.js:10144:18)
      at parse (/Users/brianbehm/CascadeProjects/prompt-spaghetti/client/node_modules/@babel/parser/lib/index.js:14526:38)
      at parser (/Users/brianbehm/CascadeProjects/prompt-spaghetti/client/node_modules/@babel/core/lib/parser/index.js:41:34)
6:53:23 PM [vite] hmr update /src/App.tsx
6:53:23 PM [vite] Internal server error: /Users/brianbehm/CascadeProjects/prompt-spaghetti/client/src/App.tsx: Unexpected token, expected "," (308:6)

  306 |       // Select the newly created node
  307 |       setTimeout(() => setSelectedNodeId(newNode.id), 50);
> 308 |     } else {
      |       ^
  309 |       console.error('ReactFlow wrapper reference is not available');
  310 |     }
  311 |   }, [reactFlowWrapper, reactFlowInstance, setNodes, setSelectedNodeId]);
  Plugin: vite:react-babel
  File: /Users/brianbehm/CascadeProjects/prompt-spaghetti/client/src/App.tsx:308:6
  306|        // Select the newly created node
  307|        setTimeout(() => setSelectedNodeId(newNode.id), 50);
  308|      } else {
     |        ^
  309|        console.error('ReactFlow wrapper reference is not available');
  310|      }
      at constructor (/Users/brianbehm/CascadeProjects/prompt-spaghetti/client/node_modules/@babel/parser/lib/index.js:367:19)
      at TypeScriptParserMixin.raise (/Users/brianbehm/CascadeProjects/prompt-spaghetti/client/node_modules/@babel/parser/lib/index.js:6627:19)
      at TypeScriptParserMixin.unexpected (/Users/brianbehm/CascadeProjects/prompt-spaghetti/client/node_modules/@babel/parser/lib/index.js:6647:16)
      at TypeScriptParserMixin.expect (/Users/brianbehm/CascadeProjects/prompt-spaghetti/client/node_modules/@babel/parser/lib/index.js:6927:12)
      at TypeScriptParserMixin.parseCallExpressionArguments (/Users/brianbehm/CascadeProjects/prompt-spaghetti/client/node_modules/@babel/parser/lib/index.js:11238:14)
      at TypeScriptParserMixin.parseCoverCallAndAsyncArrowHead (/Users/brianbehm/CascadeProjects/prompt-spaghetti/client/node_modules/@babel/parser/lib/index.js:11181:29)
      at TypeScriptParserMixin.parseSubscript (/Users/brianbehm/CascadeProjects/prompt-spaghetti/client/node_modules/@babel/parser/lib/index.js:11115:19)
      at TypeScriptParserMixin.parseSubscript (/Users/brianbehm/CascadeProjects/prompt-spaghetti/client/node_modules/@babel/parser/lib/index.js:9353:18)
      at TypeScriptParserMixin.parseSubscripts (/Users/brianbehm/CascadeProjects/prompt-spaghetti/client/node_modules/@babel/parser/lib/index.js:11089:19)
      at TypeScriptParserMixin.parseExprSubscripts (/Users/brianbehm/CascadeProjects/prompt-spaghetti/client/node_modules/@babel/parser/lib/index.js:11080:17)
      at TypeScriptParserMixin.parseUpdate (/Users/brianbehm/CascadeProjects/prompt-spaghetti/client/node_modules/@babel/parser/lib/index.js:11061:21)
      at TypeScriptParserMixin.parseMaybeUnary (/Users/brianbehm/CascadeProjects/prompt-spaghetti/client/node_modules/@babel/parser/lib/index.js:11041:23)
      at TypeScriptParserMixin.parseMaybeUnary (/Users/brianbehm/CascadeProjects/prompt-spaghetti/client/node_modules/@babel/parser/lib/index.js:9852:18)
      at TypeScriptParserMixin.parseMaybeUnaryOrPrivate (/Users/brianbehm/CascadeProjects/prompt-spaghetti/client/node_modules/@babel/parser/lib/index.js:10894:61)
      at TypeScriptParserMixin.parseExprOps (/Users/brianbehm/CascadeProjects/prompt-spaghetti/client/node_modules/@babel/parser/lib/index.js:10899:23)
      at TypeScriptParserMixin.parseMaybeConditional (/Users/brianbehm/CascadeProjects/prompt-spaghetti/client/node_modules/@babel/parser/lib/index.js:10876:23)
      at TypeScriptParserMixin.parseMaybeAssign (/Users/brianbehm/CascadeProjects/prompt-spaghetti/client/node_modules/@babel/parser/lib/index.js:10826:21)
      at TypeScriptParserMixin.parseMaybeAssign (/Users/brianbehm/CascadeProjects/prompt-spaghetti/client/node_modules/@babel/parser/lib/index.js:9801:20)
      at /Users/brianbehm/CascadeProjects/prompt-spaghetti/client/node_modules/@babel/parser/lib/index.js:10795:39
      at TypeScriptParserMixin.allowInAnd (/Users/brianbehm/CascadeProjects/prompt-spaghetti/client/node_modules/@babel/parser/lib/index.js:12422:16)
      at TypeScriptParserMixin.parseMaybeAssignAllowIn (/Users/brianbehm/CascadeProjects/prompt-spaghetti/client/node_modules/@babel/parser/lib/index.js:10795:17)
      at TypeScriptParserMixin.parseVar (/Users/brianbehm/CascadeProjects/prompt-spaghetti/client/node_modules/@babel/parser/lib/index.js:13384:91)
      at TypeScriptParserMixin.parseVarStatement (/Users/brianbehm/CascadeProjects/prompt-spaghetti/client/node_modules/@babel/parser/lib/index.js:13230:10)
      at TypeScriptParserMixin.parseVarStatement (/Users/brianbehm/CascadeProjects/prompt-spaghetti/client/node_modules/@babel/parser/lib/index.js:9493:31)
      at TypeScriptParserMixin.parseStatementContent (/Users/brianbehm/CascadeProjects/prompt-spaghetti/client/node_modules/@babel/parser/lib/index.js:12851:23)
      at TypeScriptParserMixin.parseStatementContent (/Users/brianbehm/CascadeProjects/prompt-spaghetti/client/node_modules/@babel/parser/lib/index.js:9527:18)
      at TypeScriptParserMixin.parseStatementLike (/Users/brianbehm/CascadeProjects/prompt-spaghetti/client/node_modules/@babel/parser/lib/index.js:12767:17)
      at TypeScriptParserMixin.parseStatementListItem (/Users/brianbehm/CascadeProjects/prompt-spaghetti/client/node_modules/@babel/parser/lib/index.js:12747:17)
      at TypeScriptParserMixin.parseBlockOrModuleBlockBody (/Users/brianbehm/CascadeProjects/prompt-spaghetti/client/node_modules/@babel/parser/lib/index.js:13316:61)
      at TypeScriptParserMixin.parseBlockBody (/Users/brianbehm/CascadeProjects/prompt-spaghetti/client/node_modules/@babel/parser/lib/index.js:13309:10)
      at TypeScriptParserMixin.parseBlock (/Users/brianbehm/CascadeProjects/prompt-spaghetti/client/node_modules/@babel/parser/lib/index.js:13297:10)
      at TypeScriptParserMixin.parseFunctionBody (/Users/brianbehm/CascadeProjects/prompt-spaghetti/client/node_modules/@babel/parser/lib/index.js:12101:24)
      at TypeScriptParserMixin.parseFunctionBodyAndFinish (/Users/brianbehm/CascadeProjects/prompt-spaghetti/client/node_modules/@babel/parser/lib/index.js:12087:10)
      at TypeScriptParserMixin.parseFunctionBodyAndFinish (/Users/brianbehm/CascadeProjects/prompt-spaghetti/client/node_modules/@babel/parser/lib/index.js:9248:18)
      at /Users/brianbehm/CascadeProjects/prompt-spaghetti/client/node_modules/@babel/parser/lib/index.js:13445:12
      at TypeScriptParserMixin.withSmartMixTopicForbiddingContext (/Users/brianbehm/CascadeProjects/prompt-spaghetti/client/node_modules/@babel/parser/lib/index.js:12404:14)
      at TypeScriptParserMixin.parseFunction (/Users/brianbehm/CascadeProjects/prompt-spaghetti/client/node_modules/@babel/parser/lib/index.js:13444:10)
      at TypeScriptParserMixin.parseFunctionStatement (/Users/brianbehm/CascadeProjects/prompt-spaghetti/client/node_modules/@babel/parser/lib/index.js:13125:17)
      at TypeScriptParserMixin.parseStatementContent (/Users/brianbehm/CascadeProjects/prompt-spaghetti/client/node_modules/@babel/parser/lib/index.js:12791:21)
      at TypeScriptParserMixin.parseStatementContent (/Users/brianbehm/CascadeProjects/prompt-spaghetti/client/node_modules/@babel/parser/lib/index.js:9527:18)
      at TypeScriptParserMixin.parseStatementLike (/Users/brianbehm/CascadeProjects/prompt-spaghetti/client/node_modules/@babel/parser/lib/index.js:12767:17)
      at TypeScriptParserMixin.parseModuleItem (/Users/brianbehm/CascadeProjects/prompt-spaghetti/client/node_modules/@babel/parser/lib/index.js:12744:17)
      at TypeScriptParserMixin.parseBlockOrModuleBlockBody (/Users/brianbehm/CascadeProjects/prompt-spaghetti/client/node_modules/@babel/parser/lib/index.js:13316:36)
      at TypeScriptParserMixin.parseBlockBody (/Users/brianbehm/CascadeProjects/prompt-spaghetti/client/node_modules/@babel/parser/lib/index.js:13309:10)
      at TypeScriptParserMixin.parseProgram (/Users/brianbehm/CascadeProjects/prompt-spaghetti/client/node_modules/@babel/parser/lib/index.js:12625:10)
      at TypeScriptParserMixin.parseTopLevel (/Users/brianbehm/CascadeProjects/prompt-spaghetti/client/node_modules/@babel/parser/lib/index.js:12615:25)
      at TypeScriptParserMixin.parse (/Users/brianbehm/CascadeProjects/prompt-spaghetti/client/node_modules/@babel/parser/lib/index.js:14492:10)
      at TypeScriptParserMixin.parse (/Users/brianbehm/CascadeProjects/prompt-spaghetti/client/node_modules/@babel/parser/lib/index.js:10144:18)
      at parse (/Users/brianbehm/CascadeProjects/prompt-spaghetti/client/node_modules/@babel/parser/lib/index.js:14526:38)
      at parser (/Users/brianbehm/CascadeProjects/prompt-spaghetti/client/node_modules/@babel/core/lib/parser/index.js:41:34)
6:54:09 PM [vite] hmr update /src/App.tsx
6:54:09 PM [vite] Internal server error: /Users/brianbehm/CascadeProjects/prompt-spaghetti/client/src/App.tsx: Unexpected token, expected "," (308:6)

  306 |       // Select the newly created node
  307 |       setTimeout(() => setSelectedNodeId(newNode.id), 50);
> 308 |     } else {
      |       ^
  309 |       console.error('ReactFlow wrapper reference is not available');
  310 |     }
  311 |   }, [reactFlowWrapperRef, screenToFlowPosition, setNodes, setSelectedNodeId]);
  Plugin: vite:react-babel
  File: /Users/brianbehm/CascadeProjects/prompt-spaghetti/client/src/App.tsx:308:6
  306|        // Select the newly created node
  307|        setTimeout(() => setSelectedNodeId(newNode.id), 50);
  308|      } else {
     |        ^
  309|        console.error('ReactFlow wrapper reference is not available');
  310|      }
      at constructor (/Users/brianbehm/CascadeProjects/prompt-spaghetti/client/node_modules/@babel/parser/lib/index.js:367:19)
      at TypeScriptParserMixin.raise (/Users/brianbehm/CascadeProjects/prompt-spaghetti/client/node_modules/@babel/parser/lib/index.js:6627:19)
      at TypeScriptParserMixin.unexpected (/Users/brianbehm/CascadeProjects/prompt-spaghetti/client/node_modules/@babel/parser/lib/index.js:6647:16)
      at TypeScriptParserMixin.expect (/Users/brianbehm/CascadeProjects/prompt-spaghetti/client/node_modules/@babel/parser/lib/index.js:6927:12)
      at TypeScriptParserMixin.parseCallExpressionArguments (/Users/brianbehm/CascadeProjects/prompt-spaghetti/client/node_modules/@babel/parser/lib/index.js:11238:14)
      at TypeScriptParserMixin.parseCoverCallAndAsyncArrowHead (/Users/brianbehm/CascadeProjects/prompt-spaghetti/client/node_modules/@babel/parser/lib/index.js:11181:29)
      at TypeScriptParserMixin.parseSubscript (/Users/brianbehm/CascadeProjects/prompt-spaghetti/client/node_modules/@babel/parser/lib/index.js:11115:19)
      at TypeScriptParserMixin.parseSubscript (/Users/brianbehm/CascadeProjects/prompt-spaghetti/client/node_modules/@babel/parser/lib/index.js:9353:18)
      at TypeScriptParserMixin.parseSubscripts (/Users/brianbehm/CascadeProjects/prompt-spaghetti/client/node_modules/@babel/parser/lib/index.js:11089:19)
      at TypeScriptParserMixin.parseExprSubscripts (/Users/brianbehm/CascadeProjects/prompt-spaghetti/client/node_modules/@babel/parser/lib/index.js:11080:17)
      at TypeScriptParserMixin.parseUpdate (/Users/brianbehm/CascadeProjects/prompt-spaghetti/client/node_modules/@babel/parser/lib/index.js:11061:21)
      at TypeScriptParserMixin.parseMaybeUnary (/Users/brianbehm/CascadeProjects/prompt-spaghetti/client/node_modules/@babel/parser/lib/index.js:11041:23)
      at TypeScriptParserMixin.parseMaybeUnary (/Users/brianbehm/CascadeProjects/prompt-spaghetti/client/node_modules/@babel/parser/lib/index.js:9852:18)
      at TypeScriptParserMixin.parseMaybeUnaryOrPrivate (/Users/brianbehm/CascadeProjects/prompt-spaghetti/client/node_modules/@babel/parser/lib/index.js:10894:61)
      at TypeScriptParserMixin.parseExprOps (/Users/brianbehm/CascadeProjects/prompt-spaghetti/client/node_modules/@babel/parser/lib/index.js:10899:23)
      at TypeScriptParserMixin.parseMaybeConditional (/Users/brianbehm/CascadeProjects/prompt-spaghetti/client/node_modules/@babel/parser/lib/index.js:10876:23)
      at TypeScriptParserMixin.parseMaybeAssign (/Users/brianbehm/CascadeProjects/prompt-spaghetti/client/node_modules/@babel/parser/lib/index.js:10826:21)
      at TypeScriptParserMixin.parseMaybeAssign (/Users/brianbehm/CascadeProjects/prompt-spaghetti/client/node_modules/@babel/parser/lib/index.js:9801:20)
      at /Users/brianbehm/CascadeProjects/prompt-spaghetti/client/node_modules/@babel/parser/lib/index.js:10795:39
      at TypeScriptParserMixin.allowInAnd (/Users/brianbehm/CascadeProjects/prompt-spaghetti/client/node_modules/@babel/parser/lib/index.js:12422:16)
      at TypeScriptParserMixin.parseMaybeAssignAllowIn (/Users/brianbehm/CascadeProjects/prompt-spaghetti/client/node_modules/@babel/parser/lib/index.js:10795:17)
      at TypeScriptParserMixin.parseVar (/Users/brianbehm/CascadeProjects/prompt-spaghetti/client/node_modules/@babel/parser/lib/index.js:13384:91)
      at TypeScriptParserMixin.parseVarStatement (/Users/brianbehm/CascadeProjects/prompt-spaghetti/client/node_modules/@babel/parser/lib/index.js:13230:10)
      at TypeScriptParserMixin.parseVarStatement (/Users/brianbehm/CascadeProjects/prompt-spaghetti/client/node_modules/@babel/parser/lib/index.js:9493:31)
      at TypeScriptParserMixin.parseStatementContent (/Users/brianbehm/CascadeProjects/prompt-spaghetti/client/node_modules/@babel/parser/lib/index.js:12851:23)
      at TypeScriptParserMixin.parseStatementContent (/Users/brianbehm/CascadeProjects/prompt-spaghetti/client/node_modules/@babel/parser/lib/index.js:9527:18)
      at TypeScriptParserMixin.parseStatementLike (/Users/brianbehm/CascadeProjects/prompt-spaghetti/client/node_modules/@babel/parser/lib/index.js:12767:17)
      at TypeScriptParserMixin.parseStatementListItem (/Users/brianbehm/CascadeProjects/prompt-spaghetti/client/node_modules/@babel/parser/lib/index.js:12747:17)
      at TypeScriptParserMixin.parseBlockOrModuleBlockBody (/Users/brianbehm/CascadeProjects/prompt-spaghetti/client/node_modules/@babel/parser/lib/index.js:13316:61)
      at TypeScriptParserMixin.parseBlockBody (/Users/brianbehm/CascadeProjects/prompt-spaghetti/client/node_modules/@babel/parser/lib/index.js:13309:10)
      at TypeScriptParserMixin.parseBlock (/Users/brianbehm/CascadeProjects/prompt-spaghetti/client/node_modules/@babel/parser/lib/index.js:13297:10)
      at TypeScriptParserMixin.parseFunctionBody (/Users/brianbehm/CascadeProjects/prompt-spaghetti/client/node_modules/@babel/parser/lib/index.js:12101:24)
      at TypeScriptParserMixin.parseFunctionBodyAndFinish (/Users/brianbehm/CascadeProjects/prompt-spaghetti/client/node_modules/@babel/parser/lib/index.js:12087:10)
      at TypeScriptParserMixin.parseFunctionBodyAndFinish (/Users/brianbehm/CascadeProjects/prompt-spaghetti/client/node_modules/@babel/parser/lib/index.js:9248:18)
      at /Users/brianbehm/CascadeProjects/prompt-spaghetti/client/node_modules/@babel/parser/lib/index.js:13445:12
      at TypeScriptParserMixin.withSmartMixTopicForbiddingContext (/Users/brianbehm/CascadeProjects/prompt-spaghetti/client/node_modules/@babel/parser/lib/index.js:12404:14)
      at TypeScriptParserMixin.parseFunction (/Users/brianbehm/CascadeProjects/prompt-spaghetti/client/node_modules/@babel/parser/lib/index.js:13444:10)
      at TypeScriptParserMixin.parseFunctionStatement (/Users/brianbehm/CascadeProjects/prompt-spaghetti/client/node_modules/@babel/parser/lib/index.js:13125:17)
      at TypeScriptParserMixin.parseStatementContent (/Users/brianbehm/CascadeProjects/prompt-spaghetti/client/node_modules/@babel/parser/lib/index.js:12791:21)
      at TypeScriptParserMixin.parseStatementContent (/Users/brianbehm/CascadeProjects/prompt-spaghetti/client/node_modules/@babel/parser/lib/index.js:9527:18)
      at TypeScriptParserMixin.parseStatementLike (/Users/brianbehm/CascadeProjects/prompt-spaghetti/client/node_modules/@babel/parser/lib/index.js:12767:17)
      at TypeScriptParserMixin.parseModuleItem (/Users/brianbehm/CascadeProjects/prompt-spaghetti/client/node_modules/@babel/parser/lib/index.js:12744:17)
      at TypeScriptParserMixin.parseBlockOrModuleBlockBody (/Users/brianbehm/CascadeProjects/prompt-spaghetti/client/node_modules/@babel/parser/lib/index.js:13316:36)
      at TypeScriptParserMixin.parseBlockBody (/Users/brianbehm/CascadeProjects/prompt-spaghetti/client/node_modules/@babel/parser/lib/index.js:13309:10)
      at TypeScriptParserMixin.parseProgram (/Users/brianbehm/CascadeProjects/prompt-spaghetti/client/node_modules/@babel/parser/lib/index.js:12625:10)
      at TypeScriptParserMixin.parseTopLevel (/Users/brianbehm/CascadeProjects/prompt-spaghetti/client/node_modules/@babel/parser/lib/index.js:12615:25)
      at TypeScriptParserMixin.parse (/Users/brianbehm/CascadeProjects/prompt-spaghetti/client/node_modules/@babel/parser/lib/index.js:14492:10)
      at TypeScriptParserMixin.parse (/Users/brianbehm/CascadeProjects/prompt-spaghetti/client/node_modules/@babel/parser/lib/index.js:10144:18)
      at parse (/Users/brianbehm/CascadeProjects/prompt-spaghetti/client/node_modules/@babel/parser/lib/index.js:14526:38)
      at parser (/Users/brianbehm/CascadeProjects/prompt-spaghetti/client/node_modules/@babel/core/lib/parser/index.js:41:34)
6:54:57 PM [vite] hmr update /src/App.tsx
6:54:57 PM [vite] Internal server error: /Users/brianbehm/CascadeProjects/prompt-spaghetti/client/src/App.tsx: Unexpected token, expected "," (309:6)

  307 |       // Select the newly created node
  308 |       setTimeout(() => setSelectedNodeId(newNode.id), 50);
> 309 |     } else {
      |       ^
  310 |       console.error('ReactFlow wrapper reference is not available');
  311 |     }
  312 |   }, [reactFlowWrapperRef, screenToFlowPosition, setNodes, setSelectedNodeId]);
  Plugin: vite:react-babel
  File: /Users/brianbehm/CascadeProjects/prompt-spaghetti/client/src/App.tsx:309:6
  307|        // Select the newly created node
  308|        setTimeout(() => setSelectedNodeId(newNode.id), 50);
  309|      } else {
     |        ^
  310|        console.error('ReactFlow wrapper reference is not available');
  311|      }
      at constructor (/Users/brianbehm/CascadeProjects/prompt-spaghetti/client/node_modules/@babel/parser/lib/index.js:367:19)
      at TypeScriptParserMixin.raise (/Users/brianbehm/CascadeProjects/prompt-spaghetti/client/node_modules/@babel/parser/lib/index.js:6627:19)
      at TypeScriptParserMixin.unexpected (/Users/brianbehm/CascadeProjects/prompt-spaghetti/client/node_modules/@babel/parser/lib/index.js:6647:16)
      at TypeScriptParserMixin.expect (/Users/brianbehm/CascadeProjects/prompt-spaghetti/client/node_modules/@babel/parser/lib/index.js:6927:12)
      at TypeScriptParserMixin.parseCallExpressionArguments (/Users/brianbehm/CascadeProjects/prompt-spaghetti/client/node_modules/@babel/parser/lib/index.js:11238:14)
      at TypeScriptParserMixin.parseCoverCallAndAsyncArrowHead (/Users/brianbehm/CascadeProjects/prompt-spaghetti/client/node_modules/@babel/parser/lib/index.js:11181:29)
      at TypeScriptParserMixin.parseSubscript (/Users/brianbehm/CascadeProjects/prompt-spaghetti/client/node_modules/@babel/parser/lib/index.js:11115:19)
      at TypeScriptParserMixin.parseSubscript (/Users/brianbehm/CascadeProjects/prompt-spaghetti/client/node_modules/@babel/parser/lib/index.js:9353:18)
      at TypeScriptParserMixin.parseSubscripts (/Users/brianbehm/CascadeProjects/prompt-spaghetti/client/node_modules/@babel/parser/lib/index.js:11089:19)
      at TypeScriptParserMixin.parseExprSubscripts (/Users/brianbehm/CascadeProjects/prompt-spaghetti/client/node_modules/@babel/parser/lib/index.js:11080:17)
      at TypeScriptParserMixin.parseUpdate (/Users/brianbehm/CascadeProjects/prompt-spaghetti/client/node_modules/@babel/parser/lib/index.js:11061:21)
      at TypeScriptParserMixin.parseMaybeUnary (/Users/brianbehm/CascadeProjects/prompt-spaghetti/client/node_modules/@babel/parser/lib/index.js:11041:23)
      at TypeScriptParserMixin.parseMaybeUnary (/Users/brianbehm/CascadeProjects/prompt-spaghetti/client/node_modules/@babel/parser/lib/index.js:9852:18)
      at TypeScriptParserMixin.parseMaybeUnaryOrPrivate (/Users/brianbehm/CascadeProjects/prompt-spaghetti/client/node_modules/@babel/parser/lib/index.js:10894:61)
      at TypeScriptParserMixin.parseExprOps (/Users/brianbehm/CascadeProjects/prompt-spaghetti/client/node_modules/@babel/parser/lib/index.js:10899:23)
      at TypeScriptParserMixin.parseMaybeConditional (/Users/brianbehm/CascadeProjects/prompt-spaghetti/client/node_modules/@babel/parser/lib/index.js:10876:23)
      at TypeScriptParserMixin.parseMaybeAssign (/Users/brianbehm/CascadeProjects/prompt-spaghetti/client/node_modules/@babel/parser/lib/index.js:10826:21)
      at TypeScriptParserMixin.parseMaybeAssign (/Users/brianbehm/CascadeProjects/prompt-spaghetti/client/node_modules/@babel/parser/lib/index.js:9801:20)
      at /Users/brianbehm/CascadeProjects/prompt-spaghetti/client/node_modules/@babel/parser/lib/index.js:10795:39
      at TypeScriptParserMixin.allowInAnd (/Users/brianbehm/CascadeProjects/prompt-spaghetti/client/node_modules/@babel/parser/lib/index.js:12422:16)
      at TypeScriptParserMixin.parseMaybeAssignAllowIn (/Users/brianbehm/CascadeProjects/prompt-spaghetti/client/node_modules/@babel/parser/lib/index.js:10795:17)
      at TypeScriptParserMixin.parseVar (/Users/brianbehm/CascadeProjects/prompt-spaghetti/client/node_modules/@babel/parser/lib/index.js:13384:91)
      at TypeScriptParserMixin.parseVarStatement (/Users/brianbehm/CascadeProjects/prompt-spaghetti/client/node_modules/@babel/parser/lib/index.js:13230:10)
      at TypeScriptParserMixin.parseVarStatement (/Users/brianbehm/CascadeProjects/prompt-spaghetti/client/node_modules/@babel/parser/lib/index.js:9493:31)
      at TypeScriptParserMixin.parseStatementContent (/Users/brianbehm/CascadeProjects/prompt-spaghetti/client/node_modules/@babel/parser/lib/index.js:12851:23)
      at TypeScriptParserMixin.parseStatementContent (/Users/brianbehm/CascadeProjects/prompt-spaghetti/client/node_modules/@babel/parser/lib/index.js:9527:18)
      at TypeScriptParserMixin.parseStatementLike (/Users/brianbehm/CascadeProjects/prompt-spaghetti/client/node_modules/@babel/parser/lib/index.js:12767:17)
      at TypeScriptParserMixin.parseStatementListItem (/Users/brianbehm/CascadeProjects/prompt-spaghetti/client/node_modules/@babel/parser/lib/index.js:12747:17)
      at TypeScriptParserMixin.parseBlockOrModuleBlockBody (/Users/brianbehm/CascadeProjects/prompt-spaghetti/client/node_modules/@babel/parser/lib/index.js:13316:61)
      at TypeScriptParserMixin.parseBlockBody (/Users/brianbehm/CascadeProjects/prompt-spaghetti/client/node_modules/@babel/parser/lib/index.js:13309:10)
      at TypeScriptParserMixin.parseBlock (/Users/brianbehm/CascadeProjects/prompt-spaghetti/client/node_modules/@babel/parser/lib/index.js:13297:10)
      at TypeScriptParserMixin.parseFunctionBody (/Users/brianbehm/CascadeProjects/prompt-spaghetti/client/node_modules/@babel/parser/lib/index.js:12101:24)
      at TypeScriptParserMixin.parseFunctionBodyAndFinish (/Users/brianbehm/CascadeProjects/prompt-spaghetti/client/node_modules/@babel/parser/lib/index.js:12087:10)
      at TypeScriptParserMixin.parseFunctionBodyAndFinish (/Users/brianbehm/CascadeProjects/prompt-spaghetti/client/node_modules/@babel/parser/lib/index.js:9248:18)
      at /Users/brianbehm/CascadeProjects/prompt-spaghetti/client/node_modules/@babel/parser/lib/index.js:13445:12
      at TypeScriptParserMixin.withSmartMixTopicForbiddingContext (/Users/brianbehm/CascadeProjects/prompt-spaghetti/client/node_modules/@babel/parser/lib/index.js:12404:14)
      at TypeScriptParserMixin.parseFunction (/Users/brianbehm/CascadeProjects/prompt-spaghetti/client/node_modules/@babel/parser/lib/index.js:13444:10)
      at TypeScriptParserMixin.parseFunctionStatement (/Users/brianbehm/CascadeProjects/prompt-spaghetti/client/node_modules/@babel/parser/lib/index.js:13125:17)
      at TypeScriptParserMixin.parseStatementContent (/Users/brianbehm/CascadeProjects/prompt-spaghetti/client/node_modules/@babel/parser/lib/index.js:12791:21)
      at TypeScriptParserMixin.parseStatementContent (/Users/brianbehm/CascadeProjects/prompt-spaghetti/client/node_modules/@babel/parser/lib/index.js:9527:18)
      at TypeScriptParserMixin.parseStatementLike (/Users/brianbehm/CascadeProjects/prompt-spaghetti/client/node_modules/@babel/parser/lib/index.js:12767:17)
      at TypeScriptParserMixin.parseModuleItem (/Users/brianbehm/CascadeProjects/prompt-spaghetti/client/node_modules/@babel/parser/lib/index.js:12744:17)
      at TypeScriptParserMixin.parseBlockOrModuleBlockBody (/Users/brianbehm/CascadeProjects/prompt-spaghetti/client/node_modules/@babel/parser/lib/index.js:13316:36)
      at TypeScriptParserMixin.parseBlockBody (/Users/brianbehm/CascadeProjects/prompt-spaghetti/client/node_modules/@babel/parser/lib/index.js:13309:10)
      at TypeScriptParserMixin.parseProgram (/Users/brianbehm/CascadeProjects/prompt-spaghetti/client/node_modules/@babel/parser/lib/index.js:12625:10)
      at TypeScriptParserMixin.parseTopLevel (/Users/brianbehm/CascadeProjects/prompt-spaghetti/client/node_modules/@babel/parser/lib/index.js:12615:25)
      at TypeScriptParserMixin.parse (/Users/brianbehm/CascadeProjects/prompt-spaghetti/client/node_modules/@babel/parser/lib/index.js:14492:10)
      at TypeScriptParserMixin.parse (/Users/brianbehm/CascadeProjects/prompt-spaghetti/client/node_modules/@babel/parser/lib/index.js:10144:18)
      at parse (/Users/brianbehm/CascadeProjects/prompt-spaghetti/client/node_modules/@babel/parser/lib/index.js:14526:38)
      at parser (/Users/brianbehm/CascadeProjects/prompt-spaghetti/client/node_modules/@babel/core/lib/parser/index.js:41:34)
6:55:16 PM [vite] hmr update /src/App.tsx
6:55:16 PM [vite] Internal server error: /Users/brianbehm/CascadeProjects/prompt-spaghetti/client/src/App.tsx: Unexpected token, expected "," (308:6)

  306 |       // Select the newly created node
  307 |       setTimeout(() => setSelectedNodeId(newNode.id), 50);
> 308 |     } else {
      |       ^
  309 |       console.error('ReactFlow wrapper reference is not available');
  310 |     }
  311 |   }, [reactFlowWrapperRef, screenToFlowPosition, setNodes, setSelectedNodeId]);
  Plugin: vite:react-babel
  File: /Users/brianbehm/CascadeProjects/prompt-spaghetti/client/src/App.tsx:308:6
  306|        // Select the newly created node
  307|        setTimeout(() => setSelectedNodeId(newNode.id), 50);
  308|      } else {
     |        ^
  309|        console.error('ReactFlow wrapper reference is not available');
  310|      }
      at constructor (/Users/brianbehm/CascadeProjects/prompt-spaghetti/client/node_modules/@babel/parser/lib/index.js:367:19)
      at TypeScriptParserMixin.raise (/Users/brianbehm/CascadeProjects/prompt-spaghetti/client/node_modules/@babel/parser/lib/index.js:6627:19)
      at TypeScriptParserMixin.unexpected (/Users/brianbehm/CascadeProjects/prompt-spaghetti/client/node_modules/@babel/parser/lib/index.js:6647:16)
      at TypeScriptParserMixin.expect (/Users/brianbehm/CascadeProjects/prompt-spaghetti/client/node_modules/@babel/parser/lib/index.js:6927:12)
      at TypeScriptParserMixin.parseCallExpressionArguments (/Users/brianbehm/CascadeProjects/prompt-spaghetti/client/node_modules/@babel/parser/lib/index.js:11238:14)
      at TypeScriptParserMixin.parseCoverCallAndAsyncArrowHead (/Users/brianbehm/CascadeProjects/prompt-spaghetti/client/node_modules/@babel/parser/lib/index.js:11181:29)
      at TypeScriptParserMixin.parseSubscript (/Users/brianbehm/CascadeProjects/prompt-spaghetti/client/node_modules/@babel/parser/lib/index.js:11115:19)
      at TypeScriptParserMixin.parseSubscript (/Users/brianbehm/CascadeProjects/prompt-spaghetti/client/node_modules/@babel/parser/lib/index.js:9353:18)
      at TypeScriptParserMixin.parseSubscripts (/Users/brianbehm/CascadeProjects/prompt-spaghetti/client/node_modules/@babel/parser/lib/index.js:11089:19)
      at TypeScriptParserMixin.parseExprSubscripts (/Users/brianbehm/CascadeProjects/prompt-spaghetti/client/node_modules/@babel/parser/lib/index.js:11080:17)
      at TypeScriptParserMixin.parseUpdate (/Users/brianbehm/CascadeProjects/prompt-spaghetti/client/node_modules/@babel/parser/lib/index.js:11061:21)
      at TypeScriptParserMixin.parseMaybeUnary (/Users/brianbehm/CascadeProjects/prompt-spaghetti/client/node_modules/@babel/parser/lib/index.js:11041:23)
      at TypeScriptParserMixin.parseMaybeUnary (/Users/brianbehm/CascadeProjects/prompt-spaghetti/client/node_modules/@babel/parser/lib/index.js:9852:18)
      at TypeScriptParserMixin.parseMaybeUnaryOrPrivate (/Users/brianbehm/CascadeProjects/prompt-spaghetti/client/node_modules/@babel/parser/lib/index.js:10894:61)
      at TypeScriptParserMixin.parseExprOps (/Users/brianbehm/CascadeProjects/prompt-spaghetti/client/node_modules/@babel/parser/lib/index.js:10899:23)
      at TypeScriptParserMixin.parseMaybeConditional (/Users/brianbehm/CascadeProjects/prompt-spaghetti/client/node_modules/@babel/parser/lib/index.js:10876:23)
      at TypeScriptParserMixin.parseMaybeAssign (/Users/brianbehm/CascadeProjects/prompt-spaghetti/client/node_modules/@babel/parser/lib/index.js:10826:21)
      at TypeScriptParserMixin.parseMaybeAssign (/Users/brianbehm/CascadeProjects/prompt-spaghetti/client/node_modules/@babel/parser/lib/index.js:9801:20)
      at /Users/brianbehm/CascadeProjects/prompt-spaghetti/client/node_modules/@babel/parser/lib/index.js:10795:39
      at TypeScriptParserMixin.allowInAnd (/Users/brianbehm/CascadeProjects/prompt-spaghetti/client/node_modules/@babel/parser/lib/index.js:12422:16)
      at TypeScriptParserMixin.parseMaybeAssignAllowIn (/Users/brianbehm/CascadeProjects/prompt-spaghetti/client/node_modules/@babel/parser/lib/index.js:10795:17)
      at TypeScriptParserMixin.parseVar (/Users/brianbehm/CascadeProjects/prompt-spaghetti/client/node_modules/@babel/parser/lib/index.js:13384:91)
      at TypeScriptParserMixin.parseVarStatement (/Users/brianbehm/CascadeProjects/prompt-spaghetti/client/node_modules/@babel/parser/lib/index.js:13230:10)
      at TypeScriptParserMixin.parseVarStatement (/Users/brianbehm/CascadeProjects/prompt-spaghetti/client/node_modules/@babel/parser/lib/index.js:9493:31)
      at TypeScriptParserMixin.parseStatementContent (/Users/brianbehm/CascadeProjects/prompt-spaghetti/client/node_modules/@babel/parser/lib/index.js:12851:23)
      at TypeScriptParserMixin.parseStatementContent (/Users/brianbehm/CascadeProjects/prompt-spaghetti/client/node_modules/@babel/parser/lib/index.js:9527:18)
      at TypeScriptParserMixin.parseStatementLike (/Users/brianbehm/CascadeProjects/prompt-spaghetti/client/node_modules/@babel/parser/lib/index.js:12767:17)
      at TypeScriptParserMixin.parseStatementListItem (/Users/brianbehm/CascadeProjects/prompt-spaghetti/client/node_modules/@babel/parser/lib/index.js:12747:17)
      at TypeScriptParserMixin.parseBlockOrModuleBlockBody (/Users/brianbehm/CascadeProjects/prompt-spaghetti/client/node_modules/@babel/parser/lib/index.js:13316:61)
      at TypeScriptParserMixin.parseBlockBody (/Users/brianbehm/CascadeProjects/prompt-spaghetti/client/node_modules/@babel/parser/lib/index.js:13309:10)
      at TypeScriptParserMixin.parseBlock (/Users/brianbehm/CascadeProjects/prompt-spaghetti/client/node_modules/@babel/parser/lib/index.js:13297:10)
      at TypeScriptParserMixin.parseFunctionBody (/Users/brianbehm/CascadeProjects/prompt-spaghetti/client/node_modules/@babel/parser/lib/index.js:12101:24)
      at TypeScriptParserMixin.parseFunctionBodyAndFinish (/Users/brianbehm/CascadeProjects/prompt-spaghetti/client/node_modules/@babel/parser/lib/index.js:12087:10)
      at TypeScriptParserMixin.parseFunctionBodyAndFinish (/Users/brianbehm/CascadeProjects/prompt-spaghetti/client/node_modules/@babel/parser/lib/index.js:9248:18)
      at /Users/brianbehm/CascadeProjects/prompt-spaghetti/client/node_modules/@babel/parser/lib/index.js:13445:12
      at TypeScriptParserMixin.withSmartMixTopicForbiddingContext (/Users/brianbehm/CascadeProjects/prompt-spaghetti/client/node_modules/@babel/parser/lib/index.js:12404:14)
      at TypeScriptParserMixin.parseFunction (/Users/brianbehm/CascadeProjects/prompt-spaghetti/client/node_modules/@babel/parser/lib/index.js:13444:10)
      at TypeScriptParserMixin.parseFunctionStatement (/Users/brianbehm/CascadeProjects/prompt-spaghetti/client/node_modules/@babel/parser/lib/index.js:13125:17)
      at TypeScriptParserMixin.parseStatementContent (/Users/brianbehm/CascadeProjects/prompt-spaghetti/client/node_modules/@babel/parser/lib/index.js:12791:21)
      at TypeScriptParserMixin.parseStatementContent (/Users/brianbehm/CascadeProjects/prompt-spaghetti/client/node_modules/@babel/parser/lib/index.js:9527:18)
      at TypeScriptParserMixin.parseStatementLike (/Users/brianbehm/CascadeProjects/prompt-spaghetti/client/node_modules/@babel/parser/lib/index.js:12767:17)
      at TypeScriptParserMixin.parseModuleItem (/Users/brianbehm/CascadeProjects/prompt-spaghetti/client/node_modules/@babel/parser/lib/index.js:12744:17)
      at TypeScriptParserMixin.parseBlockOrModuleBlockBody (/Users/brianbehm/CascadeProjects/prompt-spaghetti/client/node_modules/@babel/parser/lib/index.js:13316:36)
      at TypeScriptParserMixin.parseBlockBody (/Users/brianbehm/CascadeProjects/prompt-spaghetti/client/node_modules/@babel/parser/lib/index.js:13309:10)
      at TypeScriptParserMixin.parseProgram (/Users/brianbehm/CascadeProjects/prompt-spaghetti/client/node_modules/@babel/parser/lib/index.js:12625:10)
      at TypeScriptParserMixin.parseTopLevel (/Users/brianbehm/CascadeProjects/prompt-spaghetti/client/node_modules/@babel/parser/lib/index.js:12615:25)
      at TypeScriptParserMixin.parse (/Users/brianbehm/CascadeProjects/prompt-spaghetti/client/node_modules/@babel/parser/lib/index.js:14492:10)
      at TypeScriptParserMixin.parse (/Users/brianbehm/CascadeProjects/prompt-spaghetti/client/node_modules/@babel/parser/lib/index.js:10144:18)
      at parse (/Users/brianbehm/CascadeProjects/prompt-spaghetti/client/node_modules/@babel/parser/lib/index.js:14526:38)
      at parser (/Users/brianbehm/CascadeProjects/prompt-spaghetti/client/node_modules/@babel/core/lib/parser/index.js:41:34)
6:55:39 PM [vite] hmr update /src/App.tsx
6:55:39 PM [vite] Internal server error: /Users/brianbehm/CascadeProjects/prompt-spaghetti/client/src/App.tsx: Unexpected token, expected "," (308:6)

  306 |       // Select the newly created node
  307 |       setTimeout(() => setSelectedNodeId(newNode.id), 50);
> 308 |     } else {
      |       ^
  309 |       console.error('ReactFlow wrapper reference is not available');
  310 |     }
  311 |   }, [reactFlowWrapperRef, screenToFlowPosition, setNodes, setSelectedNodeId]);
  Plugin: vite:react-babel
  File: /Users/brianbehm/CascadeProjects/prompt-spaghetti/client/src/App.tsx:308:6
  306|        // Select the newly created node
  307|        setTimeout(() => setSelectedNodeId(newNode.id), 50);
  308|      } else {
     |        ^
  309|        console.error('ReactFlow wrapper reference is not available');
  310|      }
      at constructor (/Users/brianbehm/CascadeProjects/prompt-spaghetti/client/node_modules/@babel/parser/lib/index.js:367:19)
      at TypeScriptParserMixin.raise (/Users/brianbehm/CascadeProjects/prompt-spaghetti/client/node_modules/@babel/parser/lib/index.js:6627:19)
      at TypeScriptParserMixin.unexpected (/Users/brianbehm/CascadeProjects/prompt-spaghetti/client/node_modules/@babel/parser/lib/index.js:6647:16)
      at TypeScriptParserMixin.expect (/Users/brianbehm/CascadeProjects/prompt-spaghetti/client/node_modules/@babel/parser/lib/index.js:6927:12)
      at TypeScriptParserMixin.parseCallExpressionArguments (/Users/brianbehm/CascadeProjects/prompt-spaghetti/client/node_modules/@babel/parser/lib/index.js:11238:14)
      at TypeScriptParserMixin.parseCoverCallAndAsyncArrowHead (/Users/brianbehm/CascadeProjects/prompt-spaghetti/client/node_modules/@babel/parser/lib/index.js:11181:29)
      at TypeScriptParserMixin.parseSubscript (/Users/brianbehm/CascadeProjects/prompt-spaghetti/client/node_modules/@babel/parser/lib/index.js:11115:19)
      at TypeScriptParserMixin.parseSubscript (/Users/brianbehm/CascadeProjects/prompt-spaghetti/client/node_modules/@babel/parser/lib/index.js:9353:18)
      at TypeScriptParserMixin.parseSubscripts (/Users/brianbehm/CascadeProjects/prompt-spaghetti/client/node_modules/@babel/parser/lib/index.js:11089:19)
      at TypeScriptParserMixin.parseExprSubscripts (/Users/brianbehm/CascadeProjects/prompt-spaghetti/client/node_modules/@babel/parser/lib/index.js:11080:17)
      at TypeScriptParserMixin.parseUpdate (/Users/brianbehm/CascadeProjects/prompt-spaghetti/client/node_modules/@babel/parser/lib/index.js:11061:21)
      at TypeScriptParserMixin.parseMaybeUnary (/Users/brianbehm/CascadeProjects/prompt-spaghetti/client/node_modules/@babel/parser/lib/index.js:11041:23)
      at TypeScriptParserMixin.parseMaybeUnary (/Users/brianbehm/CascadeProjects/prompt-spaghetti/client/node_modules/@babel/parser/lib/index.js:9852:18)
      at TypeScriptParserMixin.parseMaybeUnaryOrPrivate (/Users/brianbehm/CascadeProjects/prompt-spaghetti/client/node_modules/@babel/parser/lib/index.js:10894:61)
      at TypeScriptParserMixin.parseExprOps (/Users/brianbehm/CascadeProjects/prompt-spaghetti/client/node_modules/@babel/parser/lib/index.js:10899:23)
      at TypeScriptParserMixin.parseMaybeConditional (/Users/brianbehm/CascadeProjects/prompt-spaghetti/client/node_modules/@babel/parser/lib/index.js:10876:23)
      at TypeScriptParserMixin.parseMaybeAssign (/Users/brianbehm/CascadeProjects/prompt-spaghetti/client/node_modules/@babel/parser/lib/index.js:10826:21)
      at TypeScriptParserMixin.parseMaybeAssign (/Users/brianbehm/CascadeProjects/prompt-spaghetti/client/node_modules/@babel/parser/lib/index.js:9801:20)
      at /Users/brianbehm/CascadeProjects/prompt-spaghetti/client/node_modules/@babel/parser/lib/index.js:10795:39
      at TypeScriptParserMixin.allowInAnd (/Users/brianbehm/CascadeProjects/prompt-spaghetti/client/node_modules/@babel/parser/lib/index.js:12422:16)
      at TypeScriptParserMixin.parseMaybeAssignAllowIn (/Users/brianbehm/CascadeProjects/prompt-spaghetti/client/node_modules/@babel/parser/lib/index.js:10795:17)
      at TypeScriptParserMixin.parseVar (/Users/brianbehm/CascadeProjects/prompt-spaghetti/client/node_modules/@babel/parser/lib/index.js:13384:91)
      at TypeScriptParserMixin.parseVarStatement (/Users/brianbehm/CascadeProjects/prompt-spaghetti/client/node_modules/@babel/parser/lib/index.js:13230:10)
      at TypeScriptParserMixin.parseVarStatement (/Users/brianbehm/CascadeProjects/prompt-spaghetti/client/node_modules/@babel/parser/lib/index.js:9493:31)
      at TypeScriptParserMixin.parseStatementContent (/Users/brianbehm/CascadeProjects/prompt-spaghetti/client/node_modules/@babel/parser/lib/index.js:12851:23)
      at TypeScriptParserMixin.parseStatementContent (/Users/brianbehm/CascadeProjects/prompt-spaghetti/client/node_modules/@babel/parser/lib/index.js:9527:18)
      at TypeScriptParserMixin.parseStatementLike (/Users/brianbehm/CascadeProjects/prompt-spaghetti/client/node_modules/@babel/parser/lib/index.js:12767:17)
      at TypeScriptParserMixin.parseStatementListItem (/Users/brianbehm/CascadeProjects/prompt-spaghetti/client/node_modules/@babel/parser/lib/index.js:12747:17)
      at TypeScriptParserMixin.parseBlockOrModuleBlockBody (/Users/brianbehm/CascadeProjects/prompt-spaghetti/client/node_modules/@babel/parser/lib/index.js:13316:61)
      at TypeScriptParserMixin.parseBlockBody (/Users/brianbehm/CascadeProjects/prompt-spaghetti/client/node_modules/@babel/parser/lib/index.js:13309:10)
      at TypeScriptParserMixin.parseBlock (/Users/brianbehm/CascadeProjects/prompt-spaghetti/client/node_modules/@babel/parser/lib/index.js:13297:10)
      at TypeScriptParserMixin.parseFunctionBody (/Users/brianbehm/CascadeProjects/prompt-spaghetti/client/node_modules/@babel/parser/lib/index.js:12101:24)
      at TypeScriptParserMixin.parseFunctionBodyAndFinish (/Users/brianbehm/CascadeProjects/prompt-spaghetti/client/node_modules/@babel/parser/lib/index.js:12087:10)
      at TypeScriptParserMixin.parseFunctionBodyAndFinish (/Users/brianbehm/CascadeProjects/prompt-spaghetti/client/node_modules/@babel/parser/lib/index.js:9248:18)
      at /Users/brianbehm/CascadeProjects/prompt-spaghetti/client/node_modules/@babel/parser/lib/index.js:13445:12
      at TypeScriptParserMixin.withSmartMixTopicForbiddingContext (/Users/brianbehm/CascadeProjects/prompt-spaghetti/client/node_modules/@babel/parser/lib/index.js:12404:14)
      at TypeScriptParserMixin.parseFunction (/Users/brianbehm/CascadeProjects/prompt-spaghetti/client/node_modules/@babel/parser/lib/index.js:13444:10)
      at TypeScriptParserMixin.parseFunctionStatement (/Users/brianbehm/CascadeProjects/prompt-spaghetti/client/node_modules/@babel/parser/lib/index.js:13125:17)
      at TypeScriptParserMixin.parseStatementContent (/Users/brianbehm/CascadeProjects/prompt-spaghetti/client/node_modules/@babel/parser/lib/index.js:12791:21)
      at TypeScriptParserMixin.parseStatementContent (/Users/brianbehm/CascadeProjects/prompt-spaghetti/client/node_modules/@babel/parser/lib/index.js:9527:18)
      at TypeScriptParserMixin.parseStatementLike (/Users/brianbehm/CascadeProjects/prompt-spaghetti/client/node_modules/@babel/parser/lib/index.js:12767:17)
      at TypeScriptParserMixin.parseModuleItem (/Users/brianbehm/CascadeProjects/prompt-spaghetti/client/node_modules/@babel/parser/lib/index.js:12744:17)
      at TypeScriptParserMixin.parseBlockOrModuleBlockBody (/Users/brianbehm/CascadeProjects/prompt-spaghetti/client/node_modules/@babel/parser/lib/index.js:13316:36)
      at TypeScriptParserMixin.parseBlockBody (/Users/brianbehm/CascadeProjects/prompt-spaghetti/client/node_modules/@babel/parser/lib/index.js:13309:10)
      at TypeScriptParserMixin.parseProgram (/Users/brianbehm/CascadeProjects/prompt-spaghetti/client/node_modules/@babel/parser/lib/index.js:12625:10)
      at TypeScriptParserMixin.parseTopLevel (/Users/brianbehm/CascadeProjects/prompt-spaghetti/client/node_modules/@babel/parser/lib/index.js:12615:25)
      at TypeScriptParserMixin.parse (/Users/brianbehm/CascadeProjects/prompt-spaghetti/client/node_modules/@babel/parser/lib/index.js:14492:10)
      at TypeScriptParserMixin.parse (/Users/brianbehm/CascadeProjects/prompt-spaghetti/client/node_modules/@babel/parser/lib/index.js:10144:18)
      at parse (/Users/brianbehm/CascadeProjects/prompt-spaghetti/client/node_modules/@babel/parser/lib/index.js:14526:38)
      at parser (/Users/brianbehm/CascadeProjects/prompt-spaghetti/client/node_modules/@babel/core/lib/parser/index.js:41:34)
6:56:22 PM [vite] hmr update /src/App.tsx
7:00:16 PM [vite] hmr update /src/App.tsx
7:29:41 PM [vite] hmr update /src/App.tsx
7:42:05 PM [vite] hmr update /src/App.tsx
9:13:43 PM [vite] hmr update /src/App.tsx
9:13:43 PM [vite] ✨ new dependencies optimized: zustand/middleware
9:13:43 PM [vite] ✨ optimized dependencies changed. reloading
9:14:25 PM [vite] hmr update /src/App.tsx
9:14:49 PM [vite] hmr update /src/App.tsx
9:16:01 PM [vite] hmr update /src/App.tsx
11:38:02 PM [vite] vite.config.ts changed, restarting server...
Re-optimizing dependencies because vite config has changed
11:38:03 PM [vite] server restarted.
11:39:50 PM [vite] vite.config.ts changed, restarting server...
11:39:50 PM [vite] server restarted.
11:40:02 PM [vite] vite.config.ts changed, restarting server...
11:40:02 PM [vite] server restarted.
11:42:01 PM [vite] vite.config.ts changed, restarting server...
Re-optimizing dependencies because vite config has changed
11:42:01 PM [vite] server restarted.
11:42:23 PM [vite] vite.config.ts changed, restarting server...
Re-optimizing dependencies because lockfile has changed
11:42:23 PM [vite] server restarted.
11:43:48 PM [vite] hmr update /src/App.tsx
11:43:54 PM [vite] vite.config.ts changed, restarting server...
Re-optimizing dependencies because vite config has changed
Failed to resolve dependency: @promptscape/core, present in 'optimizeDeps.include'
11:43:54 PM [vite] server restarted.
11:43:57 PM [vite] vite.config.ts changed, restarting server...
Re-optimizing dependencies because vite config has changed
11:43:57 PM [vite] server restarted.
11:44:30 PM [vite] hmr update /src/core/GraphEditor.tsx
11:44:30 PM [vite] hmr update /src/App.tsx, /src/core/GraphEditor.tsx, /src/core/components/Inspector/VariationList.tsx, /src/core/components/Inspector/PreviewSection.tsx
11:44:30 PM [vite] hmr update /src/core/Palette.tsx
11:44:30 PM [vite] hmr update /src/core/GraphEditor.tsx, /src/core/CorrectionsPanel.tsx
11:44:30 PM [vite] hmr update /src/core/PreviewModal.tsx
11:44:30 PM [vite] Pre-transform error: Failed to load url /src/core/types/NodeTypes.ts (resolved id: /Users/brianbehm/CascadeProjects/prompt-spaghetti/client/src/core/types/NodeTypes.ts) in /Users/brianbehm/CascadeProjects/prompt-spaghetti/client/src/core/index.ts. Does the file exist?
11:44:30 PM [vite] hmr update /src/core/GraphEditor.tsx
11:44:30 PM [vite] hmr update /src/App.tsx, /src/core/components/Inspector/VariationList.tsx, /src/core/components/Inspector/PreviewSection.tsx
11:44:30 PM [vite] hmr update /src/core/components/RestorePrompt.tsx
11:44:30 PM [vite] hmr update /src/core/components/Inspector/InspectorPanelWithContext.tsx
11:44:30 PM [vite] hmr update /src/core/components/Inspector/SimpleVariationList.tsx
11:44:30 PM [vite] hmr update /src/core/components/Inspector/CollapsibleSection.tsx
11:44:30 PM [vite] hmr update /src/core/components/Inspector/InspectorContext.tsx
11:44:30 PM [vite] hmr update /src/core/components/Inspector/PreviewSection.tsx
11:44:30 PM [vite] hmr update /src/core/components/Inspector/InspectorPanel.tsx
11:44:30 PM [vite] hmr update /src/App.tsx
11:44:30 PM [vite] hmr update /src/core/components/Inspector/VariationList.tsx
11:44:30 PM [vite] hmr update /src/core/components/Inspector/PropertiesSection.tsx
11:44:30 PM [vite] hmr update /src/core/components/StatusBar.tsx
11:44:30 PM [vite] hmr update /src/core/components/NodeRenderer.tsx
11:44:30 PM [vite] page reload src/core/usePreviewSeeds.ts
11:44:31 PM [vite] Pre-transform error: Failed to load url /src/core/components/Inspector/index.ts (resolved id: /Users/brianbehm/CascadeProjects/prompt-spaghetti/client/src/core/components/Inspector/index.ts) in /Users/brianbehm/CascadeProjects/prompt-spaghetti/client/src/core/index.ts. Does the file exist?
11:44:31 PM [vite] Pre-transform error: Failed to load url /src/core/types/NodeTypes.ts (resolved id: /Users/brianbehm/CascadeProjects/prompt-spaghetti/client/src/core/types/NodeTypes.ts) in /Users/brianbehm/CascadeProjects/prompt-spaghetti/client/src/core/index.ts. Does the file exist?
11:44:31 PM [vite] Pre-transform error: Failed to load url /src/core/utils/nodeDataUtils.ts (resolved id: /Users/brianbehm/CascadeProjects/prompt-spaghetti/client/src/core/utils/nodeDataUtils.ts) in /Users/brianbehm/CascadeProjects/prompt-spaghetti/client/src/core/index.ts. Does the file exist?
11:44:31 PM [vite] Pre-transform error: Failed to load url /src/core/utils/nodeDataUtils.ts (resolved id: /Users/brianbehm/CascadeProjects/prompt-spaghetti/client/src/core/utils/nodeDataUtils.ts) in /Users/brianbehm/CascadeProjects/prompt-spaghetti/client/src/core/index.ts. Does the file exist?
11:44:31 PM [vite] Pre-transform error: Failed to load url /src/core/GraphEditor.tsx (resolved id: /Users/brianbehm/CascadeProjects/prompt-spaghetti/client/src/core/GraphEditor.tsx) in /Users/brianbehm/CascadeProjects/prompt-spaghetti/client/src/core/index.ts. Does the file exist?
11:44:31 PM [vite] Pre-transform error: Failed to load url /src/core/Palette.tsx (resolved id: /Users/brianbehm/CascadeProjects/prompt-spaghetti/client/src/core/Palette.tsx) in /Users/brianbehm/CascadeProjects/prompt-spaghetti/client/src/core/index.ts. Does the file exist?
11:44:31 PM [vite] Pre-transform error: Failed to load url /src/core/PreviewModal.tsx (resolved id: /Users/brianbehm/CascadeProjects/prompt-spaghetti/client/src/core/PreviewModal.tsx) in /Users/brianbehm/CascadeProjects/prompt-spaghetti/client/src/core/index.ts. Does the file exist?
11:44:31 PM [vite] hmr update /src/App.tsx
11:44:31 PM [vite] page reload src/core/hooks/useAutosave.ts
11:44:31 PM [vite] page reload src/core/hooks/useNodeUtils.ts
11:44:31 PM [vite] page reload src/core/hooks/useValidation.ts
11:44:31 PM [vite] hmr update /src/core/CorrectionsPanel.tsx
11:44:31 PM [vite] page reload src/core/icons.tsx
11:44:31 PM [vite] hmr update /src/App.tsx
11:44:31 PM [vite] page reload src/core/graphStore.ts
11:44:31 PM [vite] Pre-transform error: Failed to load url /src/core/index.ts (resolved id: /Users/brianbehm/CascadeProjects/prompt-spaghetti/client/src/core/index.ts) in /Users/brianbehm/CascadeProjects/prompt-spaghetti/client/src/App.tsx. Does the file exist?
11:44:35 PM [vite] hmr update /src/App.tsx
11:44:49 PM [vite] page reload src/core/validation.ts
11:44:49 PM [vite] page reload src/core/types/NodeTypes.ts
11:44:49 PM [vite] hmr update /src/core/Palette.tsx
11:44:49 PM [vite] page reload src/core/correctionsStore.ts
11:44:49 PM [vite] hmr update /src/core/PreviewModal.tsx
11:44:49 PM [vite] hmr update /src/core/GraphEditor.tsx
11:44:49 PM [vite] page reload src/core/utils/nodeDataUtils.ts
11:44:49 PM [vite] hmr update /src/core/components/RestorePrompt.tsx
11:44:49 PM [vite] hmr update /src/core/components/Inspector/InspectorPanelWithContext.tsx
11:44:49 PM [vite] hmr update /src/core/components/Inspector/SimpleVariationList.tsx
11:44:49 PM [vite] hmr update /src/core/components/Inspector/CollapsibleSection.tsx
11:44:49 PM [vite] hmr update /src/core/components/Inspector/InspectorContext.tsx
11:44:49 PM [vite] hmr update /src/core/components/Inspector/PreviewSection.tsx
11:44:49 PM [vite] hmr update /src/core/components/Inspector/InspectorPanel.tsx
11:44:49 PM [vite] page reload src/core/components/Inspector/index.ts
11:44:49 PM [vite] hmr update /src/core/components/Inspector/VariationList.tsx
11:44:49 PM [vite] hmr update /src/core/components/Inspector/PropertiesSection.tsx
11:44:49 PM [vite] hmr update /src/core/components/StatusBar.tsx
11:44:49 PM [vite] hmr update /src/core/components/NodeRenderer.tsx
11:44:49 PM [vite] page reload src/core/usePreviewSeeds.ts
11:44:49 PM [vite] page reload src/core/nodeSchemas.ts
11:44:49 PM [vite] page reload src/core/hooks/useAutosave.ts
11:44:49 PM [vite] page reload src/core/hooks/useNodeUtils.ts
11:44:49 PM [vite] page reload src/core/hooks/useValidation.ts
11:44:49 PM [vite] hmr update /src/core/CorrectionsPanel.tsx
11:44:49 PM [vite] page reload src/core/icons.tsx
11:44:49 PM [vite] page reload src/core/index.ts
11:44:49 PM [vite] page reload src/core/graphStore.ts
11:44:49 PM [vite] hmr update /src/App.tsx
11:44:55 PM [vite] hmr update /src/App.tsx
11:45:00 PM [vite] vite.config.ts changed, restarting server...
Re-optimizing dependencies because vite config has changed
11:45:00 PM [vite] server restarted.
11:48:09 PM [vite] hmr update /src/App.tsx
11:48:09 PM [vite] vite.config.ts changed, restarting server...
✘ [ERROR] Expected ")" but found ":"

    vite.config.ts:29:14:
      29 │   optimizeDeps: {
         │               ^
         ╵               )

failed to load config from /Users/brianbehm/CascadeProjects/prompt-spaghetti/client/vite.config.ts
11:48:09 PM [vite] Build failed with 1 error:
vite.config.ts:29:14: ERROR: Expected ")" but found ":"
11:48:09 PM [vite] server restart failed
11:48:22 PM [vite] hmr update /src/App.tsx
11:48:28 PM [vite] vite.config.ts changed, restarting server...
11:48:28 PM [vite] server restarted.
11:49:03 PM [vite] hmr update /src/App.tsx
11:49:14 PM [vite] hmr update /src/App.tsx
11:52:28 PM [vite] hmr update /src/App.tsx
11:52:38 PM [vite] hmr update /src/App.tsx
11:57:01 PM [vite] vite.config.ts changed, restarting server...
11:57:01 PM [vite] server restarted.
12:04:56 AM [vite] vite.config.ts changed, restarting server...
12:04:56 AM [vite] server restarted.
12:05:00 AM [vite] vite.config.ts changed, restarting server...
12:05:00 AM [vite] server restarted.
