
> @prompt-graph/targeting@1.0.0 build /Users/brianbehm/CascadeProjects/prompt-spaghetti/packages/prompt-targeting
> tsc

../core/graphSchema.ts(23,36): error TS1136: Property assignment expected.
../core/graphSchema.ts(25,7): error TS1005: ';' expected.
../core/graphSchema.ts(25,22): error TS1128: Declaration or statement expected.
../core/graphSchema.ts(28,11): error TS1005: ';' expected.
../core/graphSchema.ts(29,21): error TS1005: ';' expected.
../core/graphSchema.ts(29,42): error TS1136: Property assignment expected.
../core/graphSchema.ts(30,7): error TS1005: ',' expected.
../core/graphSchema.ts(31,14): error TS1005: ',' expected.
../core/graphSchema.ts(32,13): error TS1005: ',' expected.
../core/graphSchema.ts(33,11): error TS1005: ',' expected.
../core/graphSchema.ts(34,10): error TS1005: ',' expected.
../core/graphSchema.ts(35,15): error TS1005: ',' expected.
../core/graphSchema.ts(36,15): error TS1005: ',' expected.
../core/graphSchema.ts(36,39): error TS1005: ',' expected.
../core/graphSchema.ts(37,1): error TS1135: Argument expression expected.
../core/graphSchema.ts(37,3): error TS1005: ';' expected.
../core/graphSchema.ts(37,4): error TS1128: Declaration or statement expected.
../core/graphSchema.ts(38,1): error TS1128: Declaration or statement expected.
../core/graphSchema.ts(38,2): error TS1128: Declaration or statement expected.
../core/graphSchema.ts(40,59): error TS1136: Property assignment expected.
../core/graphSchema.ts(42,10): error TS1005: ';' expected.
../core/graphSchema.ts(42,22): error TS1128: Declaration or statement expected.
../core/graphSchema.ts(44,1): error TS1128: Declaration or statement expected.
../core/graphSchema.ts(44,2): error TS1128: Declaration or statement expected.
../core/graphSchema.ts(46,51): error TS1136: Property assignment expected.
../core/graphSchema.ts(47,29): error TS1128: Declaration or statement expected.
../core/graphSchema.ts(48,1): error TS1128: Declaration or statement expected.
../core/graphSchema.ts(48,2): error TS1128: Declaration or statement expected.
../core/graphSchema.ts(50,51): error TS1136: Property assignment expected.
../core/graphSchema.ts(51,29): error TS1128: Declaration or statement expected.
../core/graphSchema.ts(52,1): error TS1128: Declaration or statement expected.
../core/graphSchema.ts(52,2): error TS1128: Declaration or statement expected.
../core/graphSchema.ts(54,52): error TS1136: Property assignment expected.
../core/graphSchema.ts(56,7): error TS1005: ';' expected.
../core/graphSchema.ts(56,44): error TS1128: Declaration or statement expected.
../core/graphSchema.ts(57,1): error TS1128: Declaration or statement expected.
../core/graphSchema.ts(57,2): error TS1128: Declaration or statement expected.
../core/graphSchema.ts(59,56): error TS1136: Property assignment expected.
../core/graphSchema.ts(61,6): error TS1005: ';' expected.
../core/graphSchema.ts(62,8): error TS1005: ';' expected.
../core/graphSchema.ts(62,39): error TS1128: Declaration or statement expected.
../core/graphSchema.ts(63,1): error TS1128: Declaration or statement expected.
../core/graphSchema.ts(63,2): error TS1128: Declaration or statement expected.
../core/graphSchema.ts(65,56): error TS1136: Property assignment expected.
../core/graphSchema.ts(67,6): error TS1005: ';' expected.
../core/graphSchema.ts(67,40): error TS1128: Declaration or statement expected.
../core/graphSchema.ts(68,1): error TS1128: Declaration or statement expected.
../core/graphSchema.ts(68,2): error TS1128: Declaration or statement expected.
../core/graphSchema.ts(71,61): error TS1136: Property assignment expected.
../core/graphSchema.ts(73,10): error TS1005: ';' expected.
../core/graphSchema.ts(73,22): error TS1128: Declaration or statement expected.
../core/graphSchema.ts(75,3): error TS1128: Declaration or statement expected.
../core/graphSchema.ts(75,4): error TS1128: Declaration or statement expected.
../core/graphSchema.ts(76,21): error TS1005: ';' expected.
../core/graphSchema.ts(76,34): error TS1136: Property assignment expected.
../core/graphSchema.ts(78,13): error TS1005: ';' expected.
../core/graphSchema.ts(79,12): error TS1005: ';' expected.
../core/graphSchema.ts(80,12): error TS1005: ';' expected.
../core/graphSchema.ts(80,43): error TS1128: Declaration or statement expected.
../core/graphSchema.ts(81,1): error TS1128: Declaration or statement expected.
../core/graphSchema.ts(81,2): error TS1128: Declaration or statement expected.
../core/graphSchema.ts(81,3): error TS1128: Declaration or statement expected.
../core/graphSchema.ts(82,1): error TS1128: Declaration or statement expected.
../core/graphSchema.ts(82,2): error TS1128: Declaration or statement expected.
../core/graphSchema.ts(84,56): error TS1136: Property assignment expected.
../core/graphSchema.ts(86,11): error TS1005: ';' expected.
../core/graphSchema.ts(87,13): error TS1136: Property assignment expected.
../core/graphSchema.ts(89,9): error TS1005: ';' expected.
../core/graphSchema.ts(90,8): error TS1005: ';' expected.
../core/graphSchema.ts(90,51): error TS1128: Declaration or statement expected.
../core/graphSchema.ts(92,3): error TS1128: Declaration or statement expected.
../core/graphSchema.ts(92,4): error TS1128: Declaration or statement expected.
../core/graphSchema.ts(93,16): error TS1005: ';' expected.
../core/graphSchema.ts(94,20): error TS1005: ';' expected.
../core/graphSchema.ts(94,33): error TS1136: Property assignment expected.
../core/graphSchema.ts(96,13): error TS1005: ';' expected.
../core/graphSchema.ts(97,18): error TS1005: ';' expected.
../core/graphSchema.ts(97,70): error TS1128: Declaration or statement expected.
../core/graphSchema.ts(98,1): error TS1128: Declaration or statement expected.
../core/graphSchema.ts(98,2): error TS1128: Declaration or statement expected.
../core/graphSchema.ts(98,3): error TS1128: Declaration or statement expected.
../core/graphSchema.ts(99,1): error TS1128: Declaration or statement expected.
../core/graphSchema.ts(99,2): error TS1128: Declaration or statement expected.
../core/graphSchema.ts(101,55): error TS1136: Property assignment expected.
../core/graphSchema.ts(103,11): error TS1005: ';' expected.
../core/graphSchema.ts(104,10): error TS1005: ';' expected.
../core/graphSchema.ts(104,22): error TS1136: Property assignment expected.
../core/graphSchema.ts(106,9): error TS1005: ';' expected.
../core/graphSchema.ts(106,21): error TS1136: Property assignment expected.
../core/graphSchema.ts(108,15): error TS1005: ';' expected.
../core/graphSchema.ts(109,9): error TS1005: ';' expected.
../core/graphSchema.ts(109,40): error TS1128: Declaration or statement expected.
../core/graphSchema.ts(110,1): error TS1128: Declaration or statement expected.
../core/graphSchema.ts(110,2): error TS1128: Declaration or statement expected.
../core/graphSchema.ts(110,3): error TS1128: Declaration or statement expected.
../core/graphSchema.ts(111,3): error TS1128: Declaration or statement expected.
../core/graphSchema.ts(111,4): error TS1128: Declaration or statement expected.
../core/graphSchema.ts(111,5): error TS1128: Declaration or statement expected.
../core/graphSchema.ts(112,1): error TS1128: Declaration or statement expected.
../core/graphSchema.ts(112,2): error TS1128: Declaration or statement expected.
../core/graphSchema.ts(114,51): error TS1136: Property assignment expected.
../core/graphSchema.ts(116,9): error TS1005: ';' expected.
../core/graphSchema.ts(117,14): error TS1005: ';' expected.
../core/graphSchema.ts(118,15): error TS1005: ';' expected.
../core/graphSchema.ts(119,15): error TS1005: ';' expected.
../core/graphSchema.ts(119,27): error TS1136: Property assignment expected.
../core/graphSchema.ts(121,25): error TS1005: ';' expected.
../core/graphSchema.ts(122,20): error TS1005: ';' expected.
../core/graphSchema.ts(123,14): error TS1005: ';' expected.
../core/graphSchema.ts(124,9): error TS1005: ';' expected.
../core/graphSchema.ts(124,40): error TS1128: Declaration or statement expected.
../core/graphSchema.ts(125,1): error TS1128: Declaration or statement expected.
../core/graphSchema.ts(125,2): error TS1128: Declaration or statement expected.
../core/graphSchema.ts(125,3): error TS1128: Declaration or statement expected.
../core/graphSchema.ts(126,1): error TS1128: Declaration or statement expected.
../core/graphSchema.ts(126,2): error TS1128: Declaration or statement expected.
../core/graphSchema.ts(129,60): error TS1136: Property assignment expected.
../core/graphSchema.ts(131,7): error TS1005: ';' expected.
../core/graphSchema.ts(132,10): error TS1005: ';' expected.
../core/graphSchema.ts(133,14): error TS1005: ';' expected.
../core/graphSchema.ts(134,17): error TS1005: ';' expected.
../core/graphSchema.ts(135,15): error TS1005: ';' expected.
../core/graphSchema.ts(135,27): error TS1136: Property assignment expected.
../core/graphSchema.ts(137,16): error TS1005: ';' expected.
../core/graphSchema.ts(138,14): error TS1005: ';' expected.
../core/graphSchema.ts(139,16): error TS1005: ';' expected.
../core/graphSchema.ts(140,19): error TS1005: ';' expected.
../core/graphSchema.ts(141,16): error TS1005: ';' expected.
../core/graphSchema.ts(141,40): error TS1128: Declaration or statement expected.
../core/graphSchema.ts(142,1): error TS1128: Declaration or statement expected.
../core/graphSchema.ts(142,2): error TS1128: Declaration or statement expected.
../core/graphSchema.ts(142,3): error TS1128: Declaration or statement expected.
../core/graphSchema.ts(143,1): error TS1128: Declaration or statement expected.
../core/graphSchema.ts(143,2): error TS1128: Declaration or statement expected.
../core/graphSchema.ts(145,60): error TS1137: Expression or comma expected.
../core/graphSchema.ts(159,1): error TS1128: Declaration or statement expected.
../core/graphSchema.ts(159,2): error TS1128: Declaration or statement expected.
../core/graphSchema.ts(163,1): error TS1005: ',' expected.
../core/graphSchema.ts(163,2): error TS1128: Declaration or statement expected.
../core/validation/security.ts(16,16): error TS1005: ',' expected.
../core/validation/security.ts(17,20): error TS1005: ',' expected.
../core/validation/security.ts(26,19): error TS1005: ',' expected.
../core/validation/security.ts(27,18): error TS1005: ',' expected.
../core/validation/security.ts(37,18): error TS1005: ',' expected.
../core/validation/security.ts(106,3): error TS1128: Declaration or statement expected.
../core/validation/security.ts(115,24): error TS1005: ',' expected.
../core/validation/security.ts(148,3): error TS1128: Declaration or statement expected.
../core/validation/security.ts(160,3): error TS1128: Declaration or statement expected.
../core/validation/security.ts(194,3): error TS1128: Declaration or statement expected.
../core/validation/security.ts(221,3): error TS1128: Declaration or statement expected.
../core/validation/security.ts(235,3): error TS1128: Declaration or statement expected.
../core/validation/security.ts(250,47): error TS1109: Expression expected.
../core/validation/security.ts(253,7): error TS1128: Declaration or statement expected.
../core/validation/security.ts(254,15): error TS1005: ';' expected.
../core/validation/security.ts(256,7): error TS1128: Declaration or statement expected.
../core/validation/security.ts(256,8): error TS1128: Declaration or statement expected.
../core/validation/security.ts(260,47): error TS1109: Expression expected.
../core/validation/security.ts(263,7): error TS1128: Declaration or statement expected.
../core/validation/security.ts(264,15): error TS1005: ';' expected.
../core/validation/security.ts(266,7): error TS1128: Declaration or statement expected.
../core/validation/security.ts(266,8): error TS1128: Declaration or statement expected.
../core/validation/security.ts(270,47): error TS1109: Expression expected.
../core/validation/security.ts(273,7): error TS1128: Declaration or statement expected.
../core/validation/security.ts(274,15): error TS1005: ';' expected.
../core/validation/security.ts(276,7): error TS1128: Declaration or statement expected.
../core/validation/security.ts(276,8): error TS1128: Declaration or statement expected.
../core/validation/security.ts(281,22): error TS1109: Expression expected.
../core/validation/security.ts(285,7): error TS1068: Unexpected token. A constructor, method, accessor, or property was expected.
../core/validation/security.ts(285,37): error TS1003: Identifier expected.
../core/validation/security.ts(286,7): error TS1068: Unexpected token. A constructor, method, accessor, or property was expected.
../core/validation/security.ts(287,9): error TS1068: Unexpected token. A constructor, method, accessor, or property was expected.
../core/validation/security.ts(289,7): error TS1128: Declaration or statement expected.
../core/validation/security.ts(289,8): error TS1128: Declaration or statement expected.
../core/validation/security.ts(293,19): error TS1109: Expression expected.
../core/validation/security.ts(294,14): error TS1137: Expression or comma expected.
../core/validation/security.ts(296,15): error TS1005: ';' expected.
../core/validation/security.ts(298,7): error TS1128: Declaration or statement expected.
../core/validation/security.ts(298,8): error TS1128: Declaration or statement expected.
../core/validation/security.ts(300,15): error TS1005: ';' expected.
../core/validation/security.ts(302,7): error TS1128: Declaration or statement expected.
../core/validation/security.ts(302,8): error TS1128: Declaration or statement expected.
../core/validation/security.ts(305,15): error TS1005: ';' expected.
../core/validation/security.ts(307,7): error TS1128: Declaration or statement expected.
../core/validation/security.ts(307,8): error TS1128: Declaration or statement expected.
../core/validation/security.ts(309,15): error TS1005: ';' expected.
../core/validation/security.ts(314,7): error TS1128: Declaration or statement expected.
../core/validation/security.ts(314,8): error TS1128: Declaration or statement expected.
../core/validation/security.ts(317,5): error TS1128: Declaration or statement expected.
../core/validation/security.ts(317,6): error TS1128: Declaration or statement expected.
../core/validation/security.ts(317,7): error TS1128: Declaration or statement expected.
../core/validation/security.ts(323,76): error TS1128: Declaration or statement expected.
../core/validation/security.ts(330,15): error TS1005: ';' expected.
../core/validation/security.ts(333,15): error TS1005: ';' expected.
../core/validation/security.ts(335,1): error TS1128: Declaration or statement expected.
../core/validation/security.ts(348,30): error TS1005: ',' expected.
../core/validation/security.ts(350,20): error TS1128: Declaration or statement expected.
../core/validation/security.ts(359,3): error TS1128: Declaration or statement expected.
../core/validation/security.ts(363,3): error TS1128: Declaration or statement expected.
../core/validation/security.ts(366,65): error TS1005: '=>' expected.
../core/validation/security.ts(382,3): error TS1128: Declaration or statement expected.
../core/validation/security.ts(382,10): error TS1005: ',' expected.
../core/validation/security.ts(382,28): error TS1005: ',' expected.
../core/validation/security.ts(382,38): error TS1005: ',' expected.
../core/validation/security.ts(382,47): error TS1005: ',' expected.
../core/validation/security.ts(382,94): error TS1005: ',' expected.
../core/validation/security.ts(383,11): error TS1005: ':' expected.
../core/validation/security.ts(383,53): error TS1005: ')' expected.
../core/validation/security.ts(383,54): error TS1136: Property assignment expected.
../core/validation/security.ts(386,5): error TS1128: Declaration or statement expected.
../core/validation/security.ts(387,57): error TS1005: ')' expected.
../core/validation/security.ts(387,58): error TS1128: Declaration or statement expected.
../core/validation/security.ts(390,5): error TS1128: Declaration or statement expected.
../core/validation/security.ts(391,50): error TS1005: ')' expected.
../core/validation/security.ts(391,51): error TS1128: Declaration or statement expected.
../core/validation/security.ts(392,50): error TS1128: Declaration or statement expected.
../core/validation/security.ts(394,5): error TS1128: Declaration or statement expected.
../core/validation/security.ts(397,93): error TS1128: Declaration or statement expected.
src/documentation/LocalizationStrategy.ts(25,1): error TS1131: Property or signature expected.
src/documentation/LocalizationStrategy.ts(51,1): error TS1131: Property or signature expected.
src/documentation/LocalizationStrategy.ts(83,1): error TS1131: Property or signature expected.
src/documentation/LocalizationStrategy.ts(114,1): error TS1131: Property or signature expected.
src/documentation/LocalizationStrategy.ts(128,3): error TS1128: Declaration or statement expected.
src/documentation/LocalizationStrategy.ts(149,3): error TS1434: Unexpected keyword or identifier.
src/documentation/LocalizationStrategy.ts(149,33): error TS1005: ',' expected.
src/documentation/LocalizationStrategy.ts(149,42): error TS1005: ';' expected.
src/documentation/LocalizationStrategy.ts(150,13): error TS1005: ',' expected.
src/documentation/LocalizationStrategy.ts(150,40): error TS1005: ',' expected.
src/documentation/LocalizationStrategy.ts(150,42): error TS1136: Property assignment expected.
src/documentation/LocalizationStrategy.ts(159,2): error TS1005: 'try' expected.
src/documentation/LocalizationStrategy.ts(168,3): error TS1434: Unexpected keyword or identifier.
src/documentation/LocalizationStrategy.ts(169,8): error TS1005: ',' expected.
src/documentation/LocalizationStrategy.ts(170,13): error TS1005: ',' expected.
src/documentation/LocalizationStrategy.ts(171,12): error TS1005: ',' expected.
src/documentation/LocalizationStrategy.ts(171,20): error TS1005: ',' expected.
src/documentation/LocalizationStrategy.ts(172,20): error TS1109: Expression expected.
src/documentation/LocalizationStrategy.ts(173,4): error TS1005: ';' expected.
src/documentation/LocalizationStrategy.ts(174,9): error TS1005: ':' expected.
src/documentation/LocalizationStrategy.ts(175,13): error TS1005: ':' expected.
src/documentation/LocalizationStrategy.ts(175,63): error TS1005: ',' expected.
src/documentation/LocalizationStrategy.ts(176,11): error TS1005: ',' expected.
src/documentation/LocalizationStrategy.ts(176,62): error TS1005: ',' expected.
src/documentation/LocalizationStrategy.ts(178,11): error TS1003: Identifier expected.
src/documentation/LocalizationStrategy.ts(178,28): error TS1005: ',' expected.
src/documentation/LocalizationStrategy.ts(178,72): error TS1005: ',' expected.
src/documentation/LocalizationStrategy.ts(178,74): error TS1136: Property assignment expected.
src/documentation/LocalizationStrategy.ts(197,2): error TS1005: 'try' expected.
src/documentation/LocalizationStrategy.ts(206,3): error TS1434: Unexpected keyword or identifier.
src/documentation/LocalizationStrategy.ts(206,38): error TS1005: ',' expected.
src/documentation/LocalizationStrategy.ts(206,47): error TS1005: ';' expected.
src/documentation/LocalizationStrategy.ts(207,13): error TS1005: ',' expected.
src/documentation/LocalizationStrategy.ts(207,45): error TS1005: ',' expected.
src/documentation/LocalizationStrategy.ts(207,47): error TS1136: Property assignment expected.
src/documentation/LocalizationStrategy.ts(219,3): error TS1434: Unexpected keyword or identifier.
src/documentation/LocalizationStrategy.ts(219,37): error TS1005: ',' expected.
src/documentation/LocalizationStrategy.ts(219,55): error TS1005: ',' expected.
src/documentation/LocalizationStrategy.ts(219,64): error TS1005: ';' expected.
src/documentation/LocalizationStrategy.ts(219,81): error TS1011: An element access expression should take an argument.
src/documentation/LocalizationStrategy.ts(220,11): error TS1005: ':' expected.
src/documentation/LocalizationStrategy.ts(220,65): error TS1005: ',' expected.
src/documentation/LocalizationStrategy.ts(221,12): error TS1005: ':' expected.
src/documentation/LocalizationStrategy.ts(221,73): error TS1005: ',' expected.
src/documentation/LocalizationStrategy.ts(231,1): error TS1131: Property or signature expected.
src/documentation/LocalizationStrategy.ts(247,2): error TS1128: Declaration or statement expected.
src/documentation/LocalizationStrategy.ts(261,3): error TS1434: Unexpected keyword or identifier.
src/documentation/LocalizationStrategy.ts(261,48): error TS1005: ',' expected.
src/documentation/LocalizationStrategy.ts(261,57): error TS1005: ';' expected.
src/documentation/LocalizationStrategy.ts(262,21): error TS1005: ',' expected.
src/documentation/LocalizationStrategy.ts(264,27): error TS1005: ',' expected.
src/documentation/LocalizationStrategy.ts(265,25): error TS1011: An element access expression should take an argument.
src/documentation/LocalizationStrategy.ts(265,26): error TS1005: ',' expected.
src/documentation/LocalizationStrategy.ts(266,72): error TS1005: ',' expected.
src/documentation/LocalizationStrategy.ts(267,31): error TS1011: An element access expression should take an argument.
src/documentation/LocalizationStrategy.ts(267,32): error TS1005: ',' expected.
src/documentation/LocalizationStrategy.ts(268,6): error TS1005: ',' expected.
src/documentation/LocalizationStrategy.ts(270,26): error TS1005: ',' expected.
src/documentation/LocalizationStrategy.ts(271,22): error TS1005: ',' expected.
src/documentation/LocalizationStrategy.ts(272,35): error TS1005: ',' expected.
src/documentation/LocalizationStrategy.ts(273,6): error TS1005: ',' expected.
src/documentation/LocalizationStrategy.ts(274,1): error TS1136: Property assignment expected.
src/documentation/LocalizationStrategy.ts(275,11): error TS1005: ':' expected.
src/documentation/LocalizationStrategy.ts(275,61): error TS1005: ',' expected.
src/documentation/LocalizationStrategy.ts(276,11): error TS1005: ':' expected.
src/documentation/LocalizationStrategy.ts(276,67): error TS1005: ',' expected.
src/documentation/LocalizationStrategy.ts(278,12): error TS1005: ':' expected.
src/documentation/LocalizationStrategy.ts(291,6): error TS1005: ',' expected.
src/documentation/LocalizationStrategy.ts(303,2): error TS1128: Declaration or statement expected.
src/documentation/LocalizationStrategy.ts(326,31): error TS1005: ';' expected.
src/documentation/LocalizationStrategy.ts(330,28): error TS1011: An element access expression should take an argument.
src/documentation/LocalizationStrategy.ts(335,29): error TS1011: An element access expression should take an argument.
src/documentation/LocalizationStrategy.ts(381,3): error TS1128: Declaration or statement expected.
src/documentation/LocalizationStrategy.ts(397,6): error TS1005: ',' expected.
src/documentation/LocalizationStrategy.ts(417,6): error TS1005: ',' expected.
src/documentation/LocalizationStrategy.ts(454,6): error TS1005: ',' expected.
src/documentation/LocalizationStrategy.ts(456,11): error TS1005: ':' expected.
src/documentation/LocalizationStrategy.ts(456,15): error TS1005: ',' expected.
src/documentation/LocalizationStrategy.ts(475,6): error TS1005: ',' expected.
src/documentation/LocalizationStrategy.ts(477,12): error TS1005: ':' expected.
src/documentation/LocalizationStrategy.ts(477,76): error TS1005: ',' expected.
src/documentation/LocalizationStrategy.ts(495,3): error TS1128: Declaration or statement expected.
src/documentation/LocalizationStrategy.ts(500,3): error TS1128: Declaration or statement expected.
src/documentation/LocalizationStrategy.ts(505,3): error TS1128: Declaration or statement expected.
src/documentation/LocalizationStrategy.ts(516,5): error TS1005: ',' expected.
src/documentation/LocalizationStrategy.ts(519,3): error TS1128: Declaration or statement expected.
src/documentation/LocalizationStrategy.ts(528,1): error TS1128: Declaration or statement expected.
src/documentation/LocalizationStrategy.ts(532,12): error TS1005: ':' expected.
src/documentation/LocalizationStrategy.ts(533,5): error TS1005: ',' expected.
src/documentation/LocalizationStrategy.ts(533,12): error TS1005: ':' expected.
src/documentation/LocalizationStrategy.ts(533,16): error TS1005: ',' expected.
src/documentation/LocalizationStrategy.ts(544,4): error TS1128: Declaration or statement expected.
src/documentation/LocalizationStrategy.ts(549,27): error TS1005: ',' expected.
src/documentation/LocalizationStrategy.ts(549,36): error TS1005: ';' expected.
src/documentation/LocalizationStrategy.ts(549,38): error TS1434: Unexpected keyword or identifier.
src/documentation/LocalizationStrategy.ts(552,4): error TS1128: Declaration or statement expected.
src/documentation/LocalizationStrategy.ts(557,30): error TS1005: ',' expected.
src/documentation/LocalizationStrategy.ts(557,39): error TS1005: ';' expected.
src/documentation/LocalizationStrategy.ts(557,41): error TS1434: Unexpected keyword or identifier.
src/documentation/LocalizationStrategy.ts(574,50): error TS1005: '}' expected.
src/validation/index.ts(14,2): error TS1005: ',' expected.
src/validation/index.ts(21,2): error TS1005: ',' expected.
src/validation/index.ts(29,2): error TS1005: ',' expected.
src/validation/index.ts(39,2): error TS1005: ',' expected.
src/validation/index.ts(140,4): error TS1005: ',' expected.
src/validation/index.ts(142,10): error TS1005: ':' expected.
src/validation/index.ts(142,34): error TS1005: ',' expected.
src/validation/index.ts(148,23): error TS1005: ':' expected.
src/validation/index.ts(149,8): error TS1005: ',' expected.
src/validation/index.ts(150,18): error TS1109: Expression expected.
src/validation/index.ts(151,16): error TS1109: Expression expected.
src/validation/index.ts(152,2): error TS1005: ',' expected.
src/validation/index.ts(152,12): error TS1005: '>' expected.
src/validation/index.ts(156,1): error TS1109: Expression expected.
src/validation/index.ts(157,9): error TS1005: ':' expected.
src/validation/index.ts(157,53): error TS1005: ',' expected.
src/validation/index.ts(159,9): error TS1005: ':' expected.
src/validation/index.ts(159,89): error TS1005: ',' expected.
src/validation/index.ts(160,9): error TS1005: ':' expected.
src/validation/index.ts(160,91): error TS1005: ',' expected.
src/validation/index.ts(162,9): error TS1005: ':' expected.
src/validation/index.ts(162,16): error TS1005: ',' expected.
src/validation/index.ts(172,4): error TS1005: ',' expected.
src/validation/index.ts(174,9): error TS1005: ':' expected.
src/validation/index.ts(174,65): error TS1005: ',' expected.
src/validation/index.ts(176,10): error TS1005: ':' expected.
src/validation/index.ts(180,4): error TS1005: ',' expected.
src/validation/index.ts(186,10): error TS1005: ':' expected.
src/validation/index.ts(186,39): error TS1005: ',' expected.
src/validation/index.ts(186,45): error TS1005: ',' expected.
src/validation/index.ts(186,54): error TS1005: ',' expected.
src/validation/index.ts(186,61): error TS1005: ',' expected.
src/validation/index.ts(254,4): error TS1005: ',' expected.
src/validation/index.ts(256,10): error TS1005: ':' expected.
src/validation/index.ts(256,56): error TS1005: ',' expected.
src/validation/index.ts(262,10): error TS1005: ':' expected.
src/validation/index.ts(262,40): error TS1005: ',' expected.
src/validation/index.ts(262,46): error TS1005: ',' expected.
src/validation/index.ts(262,55): error TS1005: ',' expected.
src/validation/index.ts(263,9): error TS1005: ':' expected.
src/validation/index.ts(263,45): error TS1005: ',' expected.
src/validation/index.ts(296,1): error TS1128: Declaration or statement expected.
src/validation/index.ts(296,10): error TS1005: ':' expected.
src/validation/index.ts(301,20): error TS1005: ',' expected.
src/validation/index.ts(301,57): error TS1005: '=>' expected.
src/validation/index.ts(310,25): error TS1005: ',' expected.
src/validation/index.ts(310,44): error TS1005: ';' expected.
src/validation/index.ts(310,46): error TS1434: Unexpected keyword or identifier.
src/validation/index.ts(326,3): error TS1005: '}' expected.
 ELIFECYCLE  Command failed with exit code 2.
