🚀 Simple Mock Auth Server running on http://localhost:8000
🔐 Test login: test@example.com / password123
📋 Endpoints: /api/auth/login, /api/auth/register, /api/auth/me, /api/health
GET /api/health
(node:80453) [DEP0169] DeprecationWarning: `url.parse()` behavior is not standardized and prone to errors that have security implications. Use the WHATWG URL API instead. CVEs are not issued for `url.parse()` vulnerabilities.
(Use `node --trace-deprecation ...` to show where the warning was created)
POST /api/auth/login
GET /src/data/state.json
GET /src/data/state.json
GET /src/data/state.json
GET /src/data/state.json
GET /src/data/state.json
GET /src/data/state.json
GET /src/data/state.json
GET /src/data/state.json
GET /api/health
GET /src/data/state.json
GET /src/data/state.json
GET /src/data/state.json
GET /src/data/state.json
GET /src/data/state.json
GET /src/data/state.json
GET /src/data/state.json
GET /src/data/state.json
GET /src/data/state.json
GET /src/data/state.json
GET /src/data/state.json
GET /src/data/state.json
GET /src/data/state.json
GET /src/data/state.json
GET /src/data/state.json
GET /src/data/state.json
GET /src/data/state.json
GET /src/data/state.json
GET /src/data/state.json
