
> @prompt-spaghetti/ui-kit@0.1.0 build /Users/brianbehm/CascadeProjects/prompt-spaghetti/packages/ui-kit
> tsc

src/adapters/react-native/RNButton.tsx(23,3): error TS2339: Property 'onLongPress' does not exist on type 'RNButtonProps'.
src/adapters/react-native/RNGraphCanvas.tsx(178,18): error TS2322: Type '{ flex: number; backgroundColor: string; transform: ({ scale: number; translateX?: undefined; translateY?: undefined; rotate?: undefined; } | { translateX: number; scale?: undefined; translateY?: undefined; rotate?: undefined; } | { ...; } | { ...; })[]; }' is not assignable to type 'Properties<string | number, string & {}>'.
  Types of property 'transform' are incompatible.
    Type '({ scale: number; translateX?: undefined; translateY?: undefined; rotate?: undefined; } | { translateX: number; scale?: undefined; translateY?: undefined; rotate?: undefined; } | { translateY: number; scale?: undefined; translateX?: undefined; rotate?: undefined; } | { ...; })[]' is not assignable to type 'Transform | undefined'.
      Type '({ scale: number; translateX?: undefined; translateY?: undefined; rotate?: undefined; } | { translateX: number; scale?: undefined; translateY?: undefined; rotate?: undefined; } | { translateY: number; scale?: undefined; translateX?: undefined; rotate?: undefined; } | { ...; })[]' is not assignable to type 'string & {}'.
        Type '({ scale: number; translateX?: undefined; translateY?: undefined; rotate?: undefined; } | { translateX: number; scale?: undefined; translateY?: undefined; rotate?: undefined; } | { translateY: number; scale?: undefined; translateX?: undefined; rotate?: undefined; } | { ...; })[]' is not assignable to type 'string'.
src/adapters/react-native/RNGraphCanvas.tsx(189,10): error TS2322: Type '{ flex: number; backgroundColor: string; transform: ({ scale: number; translateX?: undefined; translateY?: undefined; rotate?: undefined; } | { translateX: number; scale?: undefined; translateY?: undefined; rotate?: undefined; } | { ...; } | { ...; })[]; }' is not assignable to type 'Properties<string | number, string & {}>'.
  Types of property 'transform' are incompatible.
    Type '({ scale: number; translateX?: undefined; translateY?: undefined; rotate?: undefined; } | { translateX: number; scale?: undefined; translateY?: undefined; rotate?: undefined; } | { translateY: number; scale?: undefined; translateX?: undefined; rotate?: undefined; } | { ...; })[]' is not assignable to type 'Transform | undefined'.
      Type '({ scale: number; translateX?: undefined; translateY?: undefined; rotate?: undefined; } | { translateX: number; scale?: undefined; translateY?: undefined; rotate?: undefined; } | { translateY: number; scale?: undefined; translateX?: undefined; rotate?: undefined; } | { ...; })[]' is not assignable to type 'string & {}'.
        Type '({ scale: number; translateX?: undefined; translateY?: undefined; rotate?: undefined; } | { translateX: number; scale?: undefined; translateY?: undefined; rotate?: undefined; } | { translateY: number; scale?: undefined; translateX?: undefined; rotate?: undefined; } | { ...; })[]' is not assignable to type 'string'.
src/adapters/react-native/RNInput.tsx(115,12): error TS2678: Type '"tel"' is not comparable to type '"number" | "text" | "search" | "url" | "password" | "email" | undefined'.
src/adapters/react-native/RNInput.tsx(133,12): error TS2678: Type '"tel"' is not comparable to type '"number" | "text" | "search" | "url" | "password" | "email" | undefined'.
src/adapters/ReactNativeAdapter.ts(96,16): error TS2304: Cannot find name 'HapticFeedback'.
src/adapters/ReactNativeAdapter.ts(97,17): error TS2304: Cannot find name 'HapticFeedback'.
src/adapters/ReactNativeAdapter.ts(98,16): error TS2304: Cannot find name 'HapticFeedback'.
src/adapters/ReactNativeAdapter.ts(100,7): error TS2304: Cannot find name 'HapticFeedback'.
src/adapters/ReactNativeAdapter.ts(118,54): error TS2554: Expected 0 arguments, but got 1.
src/adapters/ReactNativeAdapter.ts(132,30): error TS2339: Property 'measure' does not exist on type '{}'.
src/adapters/ReactNativeAdapter.ts(133,17): error TS2339: Property 'measure' does not exist on type '{}'.
src/adapters/ReactNativeAdapter.ts(148,34): error TS2304: Cannot find name 'Easing'.
src/adapters/ReactNativeAdapter.ts(223,16): error TS2304: Cannot find name 'DeviceInfo'.
src/adapters/ReactNativeAdapter.ts(224,16): error TS2304: Cannot find name 'DeviceInfo'.
src/adapters/ReactNativeAdapter.ts(225,20): error TS2304: Cannot find name 'Platform'.
src/adapters/ReactNativeAdapter.ts(226,21): error TS2304: Cannot find name 'DeviceInfo'.
src/adapters/usePlatformAdapter.ts(65,3): error TS2322: Type 'ReactNativeAdapter | WebAdapter' is not assignable to type 'PlatformAdapter'.
  Type 'WebAdapter' is not assignable to type 'PlatformAdapter'.
    Types of property 'readFile' are incompatible.
      Type '(file: File) => Promise<string>' is not assignable to type '(path: string) => Promise<string>'.
        Types of parameters 'file' and 'path' are incompatible.
          Type 'string' is not assignable to type 'File'.
src/adapters/web/WebButton.tsx(6,18): error TS2459: Module '"../../components/Button"' declares 'ButtonProps' locally, but it is not exported.
src/adapters/web/WebButton.tsx(19,3): error TS2339: Property 'onClick' does not exist on type 'WebButtonProps'.
src/adapters/web/WebButton.tsx(20,3): error TS2339: Property 'children' does not exist on type 'WebButtonProps'.
src/adapters/web/WebButton.tsx(43,20): error TS2339: Property 'style' does not exist on type '{}'.
src/adapters/web/WebButton.tsx(46,9): error TS2322: Type '{ children: any; onClick: () => void; style: any; role: string; "aria-label": any; }' is not assignable to type 'IntrinsicAttributes & ButtonProps & RefAttributes<HTMLButtonElement>'.
  Property 'role' does not exist on type 'IntrinsicAttributes & ButtonProps & RefAttributes<HTMLButtonElement>'.
src/adapters/web/WebButton.tsx(47,21): error TS7053: Element implicitly has an 'any' type because expression of type '"aria-label"' can't be used to index type '{}'.
  Property 'aria-label' does not exist on type '{}'.
src/adapters/web/WebButton.tsx(60,18): error TS2339: Property 'style' does not exist on type '{}'.
src/adapters/web/WebButton.tsx(66,7): error TS2322: Type '{ children: any; onClick: () => void; style: any; onMouseDown: (e: any) => void; onContextMenu: (e: any) => void; }' is not assignable to type 'IntrinsicAttributes & ButtonProps & RefAttributes<HTMLButtonElement>'.
  Property 'onMouseDown' does not exist on type 'IntrinsicAttributes & ButtonProps & RefAttributes<HTMLButtonElement>'.
src/adapters/web/WebButton.tsx(66,20): error TS7006: Parameter 'e' implicitly has an 'any' type.
src/adapters/web/WebButton.tsx(70,22): error TS7006: Parameter 'e' implicitly has an 'any' type.
src/adapters/web/WebGraphCanvas.tsx(6,23): error TS2724: '"../../components/GraphCanvas"' has no exported member named 'GraphCanvasProps'. Did you mean 'GraphCanvas'?
src/adapters/web/WebGraphCanvas.tsx(25,3): error TS2339: Property 'onNodeSelect' does not exist on type 'WebGraphCanvasProps'.
src/adapters/web/WebGraphCanvas.tsx(26,3): error TS2339: Property 'onNodeMove' does not exist on type 'WebGraphCanvasProps'.
src/adapters/web/WebGraphCanvas.tsx(27,3): error TS2339: Property 'onEdgeCreate' does not exist on type 'WebGraphCanvasProps'.
src/adapters/web/WebGraphCanvas.tsx(28,3): error TS2339: Property 'onEdgeDelete' does not exist on type 'WebGraphCanvasProps'.
src/adapters/web/WebGraphCanvas.tsx(47,21): error TS2339: Property 'selectedNodeId' does not exist on type '{}'.
src/adapters/web/WebGraphCanvas.tsx(47,46): error TS2339: Property 'readOnly' does not exist on type '{}'.
src/adapters/web/WebGraphCanvas.tsx(67,55): error TS2339: Property 'selectedNodeId' does not exist on type '{}'.
src/adapters/web/WebGraphCanvas.tsx(94,66): error TS2339: Property 'selectedNodeId' does not exist on type '{}'.
src/adapters/web/WebGraphCanvas.tsx(94,88): error TS2339: Property 'readOnly' does not exist on type '{}'.
src/adapters/web/WebGraphCanvas.tsx(101,35): error TS2339: Property 'graph' does not exist on type '{}'.
src/adapters/web/WebGraphCanvas.tsx(111,44): error TS2339: Property 'graph' does not exist on type '{}'.
src/adapters/web/WebGraphCanvas.tsx(119,15): error TS2339: Property 'selectedNodeId' does not exist on type '{}'.
src/adapters/web/WebGraphCanvas.tsx(120,34): error TS2339: Property 'graph' does not exist on type '{}'.
src/adapters/web/WebGraphCanvas.tsx(120,51): error TS7006: Parameter 'n' implicitly has an 'any' type.
src/adapters/web/WebGraphCanvas.tsx(120,71): error TS2339: Property 'selectedNodeId' does not exist on type '{}'.
src/adapters/web/WebGraphCanvas.tsx(187,35): error TS2722: Cannot invoke an object which is possibly 'undefined'.
src/adapters/web/WebGraphCanvas.tsx(187,35): error TS18048: 'adapter.readFile' is possibly 'undefined'.
src/adapters/web/WebGraphCanvas.tsx(187,52): error TS2345: Argument of type 'File' is not assignable to parameter of type 'string'.
src/adapters/web/WebGraphCanvas.tsx(223,44): error TS2339: Property 'graph' does not exist on type '{}'.
src/adapters/web/WebGraphCanvas.tsx(226,13): error TS2339: Property 'graph' does not exist on type '{}'.
src/adapters/web/WebGraphCanvas.tsx(243,8): error TS2741: Property 'graph' is missing in type '{ onNodeSelect: any; onNodeMove: any; onEdgeCreate: any; onEdgeDelete: any; }' but required in type 'GraphCanvasProps'.
src/adapters/web/WebInput.tsx(6,17): error TS2459: Module '"../../components/Input"' declares 'InputProps' locally, but it is not exported.
src/adapters/web/WebInput.tsx(6,39): error TS2305: Module '"../../components/Input"' has no exported member 'TextAreaProps'.
src/adapters/web/WebInput.tsx(27,3): error TS2339: Property 'onKeyDown' does not exist on type 'WebInputProps'.
src/adapters/web/WebInput.tsx(57,7): error TS2322: Type '{ ref: RefObject<HTMLInputElement>; onKeyDown: (e: KeyboardEvent<HTMLInputElement>) => void; autoComplete: string; ... 6 more ...; style: any; }' is not assignable to type 'IntrinsicAttributes & InputProps & RefAttributes<HTMLInputElement>'.
  Property 'onKeyDown' does not exist on type 'IntrinsicAttributes & InputProps & RefAttributes<HTMLInputElement>'.
src/adapters/web/WebInput.tsx(67,18): error TS2339: Property 'style' does not exist on type '{}'.
src/adapters/web/WebInput.tsx(94,3): error TS2339: Property 'onKeyDown' does not exist on type 'WebTextAreaProps'.
src/adapters/web/WebInput.tsx(112,34): error TS2339: Property 'hint' does not exist on type '{}'.
src/adapters/web/WebInput.tsx(131,17): error TS2339: Property 'onChange' does not exist on type '{}'.
src/adapters/web/WebInput.tsx(138,15): error TS2339: Property 'onChange' does not exist on type '{}'.
src/adapters/web/WebInput.tsx(150,7): error TS2322: Type '{ ref: RefObject<HTMLTextAreaElement>; onKeyDown: (e: KeyboardEvent<HTMLTextAreaElement>) => void; autoComplete: string; ... 6 more ...; style: any; }' is not assignable to type 'IntrinsicAttributes & InputProps & { rows?: number | undefined; resize?: boolean | undefined; } & RefAttributes<HTMLTextAreaElement>'.
  Property 'onKeyDown' does not exist on type 'IntrinsicAttributes & InputProps & { rows?: number | undefined; resize?: boolean | undefined; } & RefAttributes<HTMLTextAreaElement>'.
src/adapters/web/WebInput.tsx(160,18): error TS2339: Property 'style' does not exist on type '{}'.
src/adapters/web/WebModal.tsx(6,17): error TS2459: Module '"../../components/Modal"' declares 'ModalProps' locally, but it is not exported.
src/adapters/web/WebModal.tsx(25,3): error TS2339: Property 'isOpen' does not exist on type 'WebModalProps'.
src/adapters/web/WebModal.tsx(26,3): error TS2339: Property 'onClose' does not exist on type 'WebModalProps'.
src/adapters/web/WebModal.tsx(27,3): error TS2339: Property 'children' does not exist on type 'WebModalProps'.
src/adapters/web/WebModal.tsx(96,18): error TS2339: Property 'size' does not exist on type '{}'.
src/adapters/web/WebModal.tsx(108,18): error TS2339: Property 'style' does not exist on type '{}'.
src/adapters/web/WebModal.tsx(126,7): error TS2322: Type '{ children: any; isOpen: any; onClose: any; size: any; closeOnOverlayClick: boolean; closeOnEscape: boolean; style: any; "data-modal": string; tabIndex: number; role: string; "aria-modal": string; onClick: (e: MouseEvent<...>) => void; }' is not assignable to type 'IntrinsicAttributes & ModalProps & RefAttributes<HTMLDivElement>'.
  Property 'tabIndex' does not exist on type 'IntrinsicAttributes & ModalProps & RefAttributes<HTMLDivElement>'.
src/adapters/WebAdapter.ts(164,3): error TS2416: Property 'readFile' in type 'WebAdapter' is not assignable to the same property in base type 'PlatformAdapter'.
  Type '(file: File) => Promise<string>' is not assignable to type '(path: string) => Promise<string>'.
    Types of parameters 'file' and 'path' are incompatible.
      Type 'string' is not assignable to type 'File'.
src/components/Button.stories.tsx(5,37): error TS2307: Cannot find module '@storybook/react' or its corresponding type declarations.
src/components/Button.stories.tsx(6,24): error TS2307: Cannot find module '@storybook/addon-actions' or its corresponding type declarations.
src/components/Button.stories.tsx(130,15): error TS2322: Type '{ children: string; icon: string; iconPosition: string; }' is not assignable to type 'IntrinsicAttributes & ButtonProps & RefAttributes<HTMLButtonElement>'.
  Property 'icon' does not exist on type 'IntrinsicAttributes & ButtonProps & RefAttributes<HTMLButtonElement>'.
src/components/Button.stories.tsx(133,15): error TS2322: Type '{ children: string; icon: string; iconPosition: string; }' is not assignable to type 'IntrinsicAttributes & ButtonProps & RefAttributes<HTMLButtonElement>'.
  Property 'icon' does not exist on type 'IntrinsicAttributes & ButtonProps & RefAttributes<HTMLButtonElement>'.
src/components/Button.stories.tsx(136,33): error TS2322: Type '{ children: string; variant: "outline"; icon: string; }' is not assignable to type 'IntrinsicAttributes & ButtonProps & RefAttributes<HTMLButtonElement>'.
  Property 'icon' does not exist on type 'IntrinsicAttributes & ButtonProps & RefAttributes<HTMLButtonElement>'.
src/components/Button.stories.tsx(139,31): error TS2322: Type '{ children: string; variant: "ghost"; icon: string; }' is not assignable to type 'IntrinsicAttributes & ButtonProps & RefAttributes<HTMLButtonElement>'.
  Property 'icon' does not exist on type 'IntrinsicAttributes & ButtonProps & RefAttributes<HTMLButtonElement>'.
src/components/Card.tsx(171,6): error TS2322: Type '{ children: ReactNode; defaultChecked?: boolean | undefined; defaultValue?: string | number | readonly string[] | undefined; suppressContentEditableWarning?: boolean | undefined; ... 260 more ...; style: { ...; }; }' is not assignable to type 'SVGProps<SVGSymbolElement>'.
  Types of property 'onCopy' are incompatible.
    Type 'ClipboardEventHandler<HTMLHeadingElement> | undefined' is not assignable to type 'ClipboardEventHandler<SVGSymbolElement> | undefined'.
      Type 'ClipboardEventHandler<HTMLHeadingElement>' is not assignable to type 'ClipboardEventHandler<SVGSymbolElement>'.
        Type 'HTMLHeadingElement' is missing the following properties from type 'SVGSymbolElement': ownerSVGElement, viewportElement, preserveAspectRatio, viewBox
src/components/Card.tsx(172,7): error TS2590: Expression produces a union type that is too complex to represent.
src/components/GraphCanvas.stories.tsx(5,37): error TS2307: Cannot find module '@storybook/react' or its corresponding type declarations.
src/components/GraphCanvas.stories.tsx(6,24): error TS2307: Cannot find module '@storybook/addon-actions' or its corresponding type declarations.
src/components/GraphCanvas.stories.tsx(260,13): error TS2322: Type 'string | null' is not assignable to type 'string | undefined'.
  Type 'null' is not assignable to type 'string | undefined'.
src/components/GraphCanvas.stories.tsx(263,13): error TS2322: Type '(edge: { source: string; target: string; }) => void' is not assignable to type '(edge: Omit<GraphEdge, "id">) => void'.
  Types of parameters 'edge' and 'edge' are incompatible.
    Type 'Omit<GraphEdge, "id">' is missing the following properties from type '{ source: string; target: string; }': source, target
src/components/GraphCanvas.tsx(10,38): error TS6305: Output file '/Users/brianbehm/CascadeProjects/prompt-spaghetti/packages/graph-core/dist/index.d.ts' has not been built from source file '/Users/brianbehm/CascadeProjects/prompt-spaghetti/packages/graph-core/src/index.ts'.
src/components/GraphCanvas.tsx(50,28): error TS7006: Parameter 'node' implicitly has an 'any' type.
src/components/GraphCanvas.tsx(60,44): error TS2339: Property 'id' does not exist on type 'CanvasNode'.
src/components/GraphCanvas.tsx(322,30): error TS7006: Parameter 'edge' implicitly has an 'any' type.
src/components/GraphCanvas.tsx(372,27): error TS2339: Property 'id' does not exist on type 'CanvasNode'.
src/components/GraphCanvas.tsx(373,48): error TS2345: Argument of type '{ 'ui-graph-node--selected': boolean; }' is not assignable to parameter of type 'string | false | null | undefined'.
src/components/GraphCanvas.tsx(373,101): error TS2339: Property 'id' does not exist on type 'CanvasNode'.
src/components/GraphCanvas.tsx(382,45): error TS2339: Property 'type' does not exist on type 'CanvasNode'.
src/components/GraphCanvas.tsx(383,47): error TS2339: Property 'id' does not exist on type 'CanvasNode'.
src/components/GraphCanvas.tsx(388,59): error TS2339: Property 'id' does not exist on type 'CanvasNode'.
src/components/GraphCanvas.tsx(405,31): error TS2339: Property 'type' does not exist on type 'CanvasNode'.
src/components/GraphCanvas.tsx(419,70): error TS2339: Property 'id' does not exist on type 'CanvasNode'.
src/components/GraphCanvas.tsx(430,66): error TS2339: Property 'id' does not exist on type 'CanvasNode'.
src/components/GraphCanvas.tsx(445,25): error TS2339: Property 'id' does not exist on type 'CanvasNode'.
src/components/Input.stories.tsx(5,37): error TS2307: Cannot find module '@storybook/react' or its corresponding type declarations.
src/components/Input.stories.tsx(6,24): error TS2307: Cannot find module '@storybook/addon-actions' or its corresponding type declarations.
src/components/Input.stories.tsx(126,29): error TS2322: Type '{ label: string; icon: string; iconPosition: string; placeholder: string; }' is not assignable to type 'IntrinsicAttributes & InputProps & RefAttributes<HTMLInputElement>'.
  Property 'icon' does not exist on type 'IntrinsicAttributes & InputProps & RefAttributes<HTMLInputElement>'.
src/components/Input.stories.tsx(127,41): error TS2322: Type '{ label: string; type: "email"; icon: string; iconPosition: string; placeholder: string; }' is not assignable to type 'IntrinsicAttributes & InputProps & RefAttributes<HTMLInputElement>'.
  Property 'icon' does not exist on type 'IntrinsicAttributes & InputProps & RefAttributes<HTMLInputElement>'.
src/components/Input.stories.tsx(128,28): error TS2322: Type '"tel"' is not assignable to type '"number" | "text" | "email" | "password" | "search" | "url" | undefined'.
src/components/Input.stories.tsx(167,30): error TS2322: Type '{ label: string; invalid: true; error: string; value: string; }' is not assignable to type 'IntrinsicAttributes & InputProps & RefAttributes<HTMLInputElement>'.
  Property 'invalid' does not exist on type 'IntrinsicAttributes & InputProps & RefAttributes<HTMLInputElement>'.
src/components/InspectorPanel.tsx(259,27): error TS6305: Output file '/Users/brianbehm/CascadeProjects/prompt-spaghetti/packages/graph-core/dist/index.d.ts' has not been built from source file '/Users/brianbehm/CascadeProjects/prompt-spaghetti/packages/graph-core/src/index.ts'.
src/components/InspectorPanel.tsx(280,35): error TS7006: Parameter '_' implicitly has an 'any' type.
src/components/InspectorPanel.tsx(280,38): error TS7006: Parameter 'i' implicitly has an 'any' type.
src/components/Layout.tsx(44,59): error TS2322: Type '{ accentColor?: Property.AccentColor | undefined; alignContent?: Property.AlignContent | undefined; alignItems: Property.AlignItems; ... 821 more ...; vectorEffect?: Property.VectorEffect | undefined; }' is not assignable to type 'Properties<string | number, string & {}>'.
  Types of property 'flexWrap' are incompatible.
    Type 'string' is not assignable to type 'FlexWrap | undefined'.
src/components/Layout.tsx(126,47): error TS2694: Namespace '"/Users/brianbehm/CascadeProjects/prompt-spaghetti/packages/ui-kit/src/types"' has no exported member 'ThemeSpacing'.
src/components/Layout.tsx(155,30): error TS7053: Element implicitly has an 'any' type because expression of type 'string | number | symbol' can't be used to index type 'ThemeSpacing'.
  No index signature with a parameter of type 'string' was found on type 'ThemeSpacing'.
src/components/Layout.tsx(165,30): error TS7053: Element implicitly has an 'any' type because expression of type 'string | number | symbol' can't be used to index type 'ThemeSpacing'.
  No index signature with a parameter of type 'string' was found on type 'ThemeSpacing'.
src/components/NodePalette.tsx(192,55): error TS2322: Type '{ accentColor?: Property.AccentColor | undefined; alignContent?: Property.AlignContent | undefined; alignItems?: Property.AlignItems | undefined; ... 821 more ...; vectorEffect?: Property.VectorEffect | undefined; }' is not assignable to type 'Properties<string | number, string & {}>'.
  Types of property 'flexDirection' are incompatible.
    Type 'string' is not assignable to type 'FlexDirection | undefined'.
src/components/ResponsiveButton.tsx(6,18): error TS2459: Module '"./Button"' declares 'ButtonProps' locally, but it is not exported.
src/components/ThemeProvider.tsx(84,20): error TS2345: Argument of type '(prev: Partial<Theme>) => { colors: { primary?: string | undefined; secondary?: string | undefined; accent?: string | undefined; background?: string | undefined; surface?: string | undefined; ... 6 more ...; info?: string | undefined; }; ... 4 more ...; breakpoints?: { ...; } | undefined; }' is not assignable to parameter of type 'SetStateAction<Partial<Theme>>'.
  Type '(prev: Partial<Theme>) => { colors: { primary?: string | undefined; secondary?: string | undefined; accent?: string | undefined; background?: string | undefined; surface?: string | undefined; ... 6 more ...; info?: string | undefined; }; ... 4 more ...; breakpoints?: { ...; } | undefined; }' is not assignable to type '(prevState: Partial<Theme>) => Partial<Theme>'.
    Call signature return types '{ colors: { primary?: string | undefined; secondary?: string | undefined; accent?: string | undefined; background?: string | undefined; surface?: string | undefined; text?: string | undefined; ... 5 more ...; info?: string | undefined; }; ... 4 more ...; breakpoints?: { ...; } | undefined; }' and 'Partial<Theme>' are incompatible.
      The types of 'colors.primary' are incompatible between these types.
        Type 'string | undefined' is not assignable to type 'string'.
          Type 'undefined' is not assignable to type 'string'.
src/mobile/components/MobileButton.tsx(6,18): error TS2459: Module '"../../components/Button"' declares 'ButtonProps' locally, but it is not exported.
src/mobile/components/MobileButton.tsx(29,3): error TS2339: Property 'size' does not exist on type 'MobileButtonProps'.
src/mobile/components/MobileButton.tsx(33,3): error TS2339: Property 'onClick' does not exist on type 'MobileButtonProps'.
src/mobile/components/MobileButton.tsx(34,3): error TS2339: Property 'className' does not exist on type 'MobileButtonProps'.
src/mobile/components/MobileButton.tsx(35,3): error TS2339: Property 'style' does not exist on type 'MobileButtonProps'.
src/mobile/components/MobileButton.tsx(36,3): error TS2339: Property 'children' does not exist on type 'MobileButtonProps'.
src/mobile/components/MobileButton.tsx(71,7): error TS2322: Type '((e: MouseEvent<HTMLButtonElement, MouseEvent>) => void) | undefined' is not assignable to type '(() => void) | undefined'.
  Type '(e: React.MouseEvent<HTMLButtonElement>) => void' is not assignable to type '() => void'.
    Target signature provides too few arguments. Expected 1 or more, but got 0.
src/mobile/components/MobileButton.tsx(74,39): error TS2339: Property 'loading' does not exist on type '{}'.
src/mobile/components/MobileButton.tsx(92,3): error TS2339: Property 'className' does not exist on type 'MobileFABProps'.
src/mobile/components/MobileButton.tsx(93,3): error TS2339: Property 'style' does not exist on type 'MobileFABProps'.
src/mobile/components/MobileButton.tsx(94,3): error TS2339: Property 'children' does not exist on type 'MobileFABProps'.
src/mobile/components/MobileButton.tsx(97,9): error TS2322: Type '{ userSelect: string; WebkitUserSelect: string; WebkitTouchCallout: string; WebkitTapHighlightColor: string; touchAction: string; position: "fixed"; zIndex: number; minWidth: 56; minHeight: 56; borderRadius: string; boxShadow: "0 4px 12px rgba(0, 0, 0, 0.15)"; }' is not assignable to type 'CSSProperties'.
  Types of property 'userSelect' are incompatible.
    Type 'string' is not assignable to type 'UserSelect | undefined'.
src/mobile/components/MobileButton.tsx(126,6): error TS2322: Type '{ children: any; variant: string; className: string; style: any; hapticFeedback?: boolean | undefined; mobileFullWidth?: boolean | undefined; mobileLoading?: boolean | undefined; }' is not assignable to type 'IntrinsicAttributes & MobileButtonProps'.
  Property 'children' does not exist on type 'IntrinsicAttributes & MobileButtonProps'.
src/mobile/components/MobileGraphCanvas.tsx(6,53): error TS6305: Output file '/Users/brianbehm/CascadeProjects/prompt-spaghetti/packages/graph-core/dist/index.d.ts' has not been built from source file '/Users/brianbehm/CascadeProjects/prompt-spaghetti/packages/graph-core/src/index.ts'.
src/mobile/components/MobileGraphCanvas.tsx(119,37): error TS7006: Parameter 'n' implicitly has an 'any' type.
src/mobile/components/MobileGraphCanvas.tsx(172,28): error TS7006: Parameter 'edge' implicitly has an 'any' type.
src/mobile/components/MobileGraphCanvas.tsx(173,49): error TS7006: Parameter 'n' implicitly has an 'any' type.
src/mobile/components/MobileGraphCanvas.tsx(174,49): error TS7006: Parameter 'n' implicitly has an 'any' type.
src/mobile/components/MobileGraphCanvas.tsx(193,26): error TS7006: Parameter 'node' implicitly has an 'any' type.
src/mobile/components/MobileGraphCanvas.tsx(238,10): error TS2322: Type '{ children: string; position: "bottom-right"; onClick: (() => void) | undefined; hapticFeedback: true; }' is not assignable to type 'IntrinsicAttributes & MobileFABProps'.
  Property 'children' does not exist on type 'IntrinsicAttributes & MobileFABProps'.
src/mobile/components/MobileGraphCanvas.tsx(269,7): error TS2322: Type '{ userSelect: string; WebkitUserSelect: string; WebkitTouchCallout: string; WebkitTapHighlightColor: string; touchAction: string; position: "absolute"; left: any; top: any; width: number; minHeight: 56; ... 10 more ...; boxShadow: "0 2px 4px rgba(0, 0, 0, 0.1)"; }' is not assignable to type 'Properties<string | number, string & {}>'.
  Types of property 'userSelect' are incompatible.
    Type 'string' is not assignable to type 'UserSelect | undefined'.
src/mobile/components/MobileInput.tsx(6,27): error TS2459: Module '"../../components/Input"' declares 'InputProps' locally, but it is not exported.
src/mobile/components/MobileInput.tsx(38,3): error TS2339: Property 'maxLength' does not exist on type 'MobileInputProps'.
src/mobile/components/MobileInput.tsx(39,3): error TS2339: Property 'value' does not exist on type 'MobileInputProps'.
src/mobile/components/MobileInput.tsx(40,3): error TS2339: Property 'onChange' does not exist on type 'MobileInputProps'.
src/mobile/components/MobileInput.tsx(41,3): error TS2339: Property 'className' does not exist on type 'MobileInputProps'.
src/mobile/components/MobileInput.tsx(42,3): error TS2339: Property 'style' does not exist on type 'MobileInputProps'.
src/mobile/components/MobileInput.tsx(101,9): error TS2322: Type '(e: React.ChangeEvent<HTMLInputElement>) => void' is not assignable to type '(value: string) => void'.
  Types of parameters 'e' and 'value' are incompatible.
    Type 'string' is not assignable to type 'ChangeEvent<HTMLInputElement>'.
src/mobile/components/MobileInput.tsx(114,11): error TS2322: Type '{ userSelect: string; WebkitUserSelect: string; WebkitTouchCallout: string; WebkitTapHighlightColor: string; touchAction: string; position: "absolute"; right: number; top: string; transform: "translateY(-50%)"; ... 9 more ...; fontSize: number; }' is not assignable to type 'Properties<string | number, string & {}>'.
  Types of property 'userSelect' are incompatible.
    Type 'string' is not assignable to type 'UserSelect | undefined'.
src/mobile/components/MobileInput.tsx(165,3): error TS2339: Property 'placeholder' does not exist on type 'MobileSearchInputProps'.
src/mobile/components/MobileInput.tsx(193,9): error TS2322: Type '{ type: string; mobileInputMode: "search"; placeholder: any; clearable: true; onKeyDown: (e: KeyboardEvent<HTMLInputElement>) => void; style: any; mobileAutoFocus?: boolean | undefined; showCount?: boolean | undefined; }' is not assignable to type 'IntrinsicAttributes & MobileInputProps'.
  Property 'type' does not exist on type 'IntrinsicAttributes & MobileInputProps'.
src/mobile/components/MobileInput.tsx(200,20): error TS2339: Property 'style' does not exist on type '{ clearable?: boolean | undefined; mobileAutoFocus?: boolean | undefined; showCount?: boolean | undefined; mobileInputMode?: "text" | "email" | "search" | "url" | "none" | "tel" | "numeric" | "decimal" | undefined; }'.
src/mobile/components/MobileInput.tsx(221,3): error TS2339: Property 'style' does not exist on type 'MobileTextAreaProps'.
src/mobile/components/MobileInput.tsx(239,13): error TS2339: Property 'value' does not exist on type '{ clearable?: boolean | undefined; mobileAutoFocus?: boolean | undefined; mobileInputMode?: "text" | "email" | "search" | "url" | "none" | "tel" | "numeric" | "decimal" | undefined; }'.
src/mobile/components/MobileInput.tsx(246,9): error TS2322: Type '{ ref: RefObject<HTMLTextAreaElement>; onInput: () => void; rows: number; style: any; clearable?: boolean | undefined; mobileAutoFocus?: boolean | undefined; mobileInputMode?: "text" | ... 7 more ... | undefined; }' is not assignable to type 'IntrinsicAttributes & InputProps & { rows?: number | undefined; resize?: boolean | undefined; } & RefAttributes<HTMLTextAreaElement>'.
  Property 'onInput' does not exist on type 'IntrinsicAttributes & InputProps & { rows?: number | undefined; resize?: boolean | undefined; } & RefAttributes<HTMLTextAreaElement>'.
src/mobile/components/MobileInput.tsx(257,27): error TS2339: Property 'maxLength' does not exist on type '{ clearable?: boolean | undefined; mobileAutoFocus?: boolean | undefined; mobileInputMode?: "text" | "email" | "search" | "url" | "none" | "tel" | "numeric" | "decimal" | undefined; }'.
src/mobile/components/MobileInput.tsx(267,19): error TS2339: Property 'value' does not exist on type '{ clearable?: boolean | undefined; mobileAutoFocus?: boolean | undefined; mobileInputMode?: "text" | "email" | "search" | "url" | "none" | "tel" | "numeric" | "decimal" | undefined; }'.
src/mobile/components/MobileInput.tsx(267,58): error TS2339: Property 'maxLength' does not exist on type '{ clearable?: boolean | undefined; mobileAutoFocus?: boolean | undefined; mobileInputMode?: "text" | "email" | "search" | "url" | "none" | "tel" | "numeric" | "decimal" | undefined; }'.
src/mobile/components/MobileNavigation.tsx(128,13): error TS2322: Type '{ userSelect: string; WebkitUserSelect: string; WebkitTouchCallout: string; WebkitTapHighlightColor: string; touchAction: string; flex: number; display: "flex"; flexDirection: "column"; alignItems: "center"; ... 8 more ...; position: "relative"; }' is not assignable to type 'Properties<string | number, string & {}>'.
  Types of property 'userSelect' are incompatible.
    Type 'string' is not assignable to type 'UserSelect | undefined'.
src/mobile/components/MobileNavigation.tsx(369,11): error TS2322: Type 'string' is not assignable to type 'OverflowY | undefined'.
src/mobile/components/MobileNavigation.tsx(369,11): error TS2783: 'overflowY' is specified more than once, so this usage will be overwritten.
src/mobile/components/MobileNodeEditor.tsx(6,27): error TS6305: Output file '/Users/brianbehm/CascadeProjects/prompt-spaghetti/packages/graph-core/dist/index.d.ts' has not been built from source file '/Users/brianbehm/CascadeProjects/prompt-spaghetti/packages/graph-core/src/index.ts'.
src/mobile/components/MobileNodeEditor.tsx(12,34): error TS2307: Cannot find module '../../responsive/containers' or its corresponding type declarations.
src/mobile/components/MobileNodeEditor.tsx(135,11): error TS2322: Type 'string' is not assignable to type 'OverflowY | undefined'.
src/mobile/components/MobileNodeEditor.tsx(135,11): error TS2783: 'overflowY' is specified more than once, so this usage will be overwritten.
src/mobile/components/MobileNodeEditor.tsx(228,10): error TS2322: Type '{ children: string; variant: string; onClick: (() => void) | undefined; style: { flex: number; }; }' is not assignable to type 'IntrinsicAttributes & MobileButtonProps'.
  Property 'children' does not exist on type 'IntrinsicAttributes & MobileButtonProps'.
src/mobile/components/MobileNodeEditor.tsx(231,10): error TS2322: Type '{ children: string; variant: string; onClick: (() => void) | undefined; style: { flex: number; }; }' is not assignable to type 'IntrinsicAttributes & MobileButtonProps'.
  Property 'children' does not exist on type 'IntrinsicAttributes & MobileButtonProps'.
src/mobile/components/MobileNodeEditor.tsx(263,15): error TS2322: Type '{ value: any; onChange: (e: any) => void; placeholder: string; minRows: number; maxRows: number; }' is not assignable to type 'IntrinsicAttributes & MobileTextAreaProps'.
  Property 'value' does not exist on type 'IntrinsicAttributes & MobileTextAreaProps'.
src/mobile/components/MobileNodeEditor.tsx(264,25): error TS7006: Parameter 'e' implicitly has an 'any' type.
src/mobile/components/MobileNodeEditor.tsx(291,15): error TS2322: Type '{ value: string; onChange: (e: any) => void; placeholder: string; minRows: number; }' is not assignable to type 'IntrinsicAttributes & MobileTextAreaProps'.
  Property 'value' does not exist on type 'IntrinsicAttributes & MobileTextAreaProps'.
src/mobile/components/MobileNodeEditor.tsx(292,25): error TS7006: Parameter 'e' implicitly has an 'any' type.
src/mobile/components/MobileNodeEditor.tsx(327,15): error TS2322: Type '{ value: any; onChange: (e: any) => void; placeholder: string; minRows: number; }' is not assignable to type 'IntrinsicAttributes & MobileTextAreaProps'.
  Property 'value' does not exist on type 'IntrinsicAttributes & MobileTextAreaProps'.
src/mobile/components/MobileNodeEditor.tsx(328,25): error TS7006: Parameter 'e' implicitly has an 'any' type.
src/mobile/design-system.ts(242,5): error TS1117: An object literal cannot have multiple properties with the same name.
src/mobile/layouts/MobileAppLayout.tsx(6,42): error TS6305: Output file '/Users/brianbehm/CascadeProjects/prompt-spaghetti/packages/graph-core/dist/index.d.ts' has not been built from source file '/Users/brianbehm/CascadeProjects/prompt-spaghetti/packages/graph-core/src/index.ts'.
src/mobile/layouts/MobileAppLayout.tsx(27,58): error TS7006: Parameter 'n' implicitly has an 'any' type.
src/mobile/layouts/MobileAppLayout.tsx(42,35): error TS7006: Parameter 'n' implicitly has an 'any' type.
src/mobile/layouts/MobileAppLayout.tsx(49,42): error TS7006: Parameter 'node' implicitly has an 'any' type.
src/mobile/layouts/MobileAppLayout.tsx(54,45): error TS7006: Parameter 'n' implicitly has an 'any' type.
src/mobile/layouts/MobileAppLayout.tsx(55,45): error TS7006: Parameter 'e' implicitly has an 'any' type.
src/mobile/layouts/MobileAppLayout.tsx(70,9): error TS2783: 'height' is specified more than once, so this usage will be overwritten.
src/mobile/layouts/MobileAppLayout.tsx(107,13): error TS2322: Type 'string | null' is not assignable to type 'string | undefined'.
  Type 'null' is not assignable to type 'string | undefined'.
src/mobile/layouts/MobileAppLayout.tsx(119,15): error TS2322: Type 'string' is not assignable to type 'OverflowY | undefined'.
src/mobile/layouts/MobileAppLayout.tsx(119,15): error TS2783: 'overflowY' is specified more than once, so this usage will be overwritten.
src/mobile/layouts/MobileAppLayout.tsx(127,14): error TS2322: Type '{ children: string; variant: string; mobileFullWidth: true; onClick: () => void; style: { marginBottom: number; }; }' is not assignable to type 'IntrinsicAttributes & MobileButtonProps'.
  Property 'children' does not exist on type 'IntrinsicAttributes & MobileButtonProps'.
src/mobile/layouts/MobileAppLayout.tsx(138,32): error TS7006: Parameter 'node' implicitly has an 'any' type.
src/mobile/layouts/MobileAppLayout.tsx(156,15): error TS2322: Type 'string' is not assignable to type 'OverflowY | undefined'.
src/mobile/layouts/MobileAppLayout.tsx(156,15): error TS2783: 'overflowY' is specified more than once, so this usage will be overwritten.
src/mobile/layouts/MobileAppLayout.tsx(171,15): error TS2322: Type 'string' is not assignable to type 'OverflowY | undefined'.
src/mobile/layouts/MobileAppLayout.tsx(171,15): error TS2783: 'overflowY' is specified more than once, so this usage will be overwritten.
src/mobile/layouts/MobileAppLayout.tsx(298,8): error TS2322: Type '{ children: string; size: string; variant: string; onClick: (e: any) => void; }' is not assignable to type 'IntrinsicAttributes & MobileButtonProps'.
  Property 'children' does not exist on type 'IntrinsicAttributes & MobileButtonProps'.
src/mobile/layouts/MobileAppLayout.tsx(301,18): error TS7006: Parameter 'e' implicitly has an 'any' type.
src/platform/AdaptiveNavigation.tsx(6,32): error TS2307: Cannot find module '../responsive/device-detection' or its corresponding type declarations.
src/platform/AdaptiveNavigation.tsx(7,31): error TS2307: Cannot find module '../responsive/hooks' or its corresponding type declarations.
src/platform/android/AndroidAdaptations.tsx(6,32): error TS2307: Cannot find module '../../responsive/device-detection' or its corresponding type declarations.
src/platform/desktop/DesktopAdaptations.tsx(6,32): error TS2307: Cannot find module '../../responsive/device-detection' or its corresponding type declarations.
src/platform/index.ts(7,3): error TS1205: Re-exporting a type when 'isolatedModules' is enabled requires using 'export type'.
src/platform/index.ts(12,3): error TS1205: Re-exporting a type when 'isolatedModules' is enabled requires using 'export type'.
src/platform/index.ts(14,3): error TS1205: Re-exporting a type when 'isolatedModules' is enabled requires using 'export type'.
src/platform/index.ts(16,3): error TS1205: Re-exporting a type when 'isolatedModules' is enabled requires using 'export type'.
src/platform/index.ts(18,3): error TS1205: Re-exporting a type when 'isolatedModules' is enabled requires using 'export type'.
src/platform/index.ts(27,3): error TS1205: Re-exporting a type when 'isolatedModules' is enabled requires using 'export type'.
src/platform/index.ts(29,3): error TS1205: Re-exporting a type when 'isolatedModules' is enabled requires using 'export type'.
src/platform/index.ts(31,3): error TS1205: Re-exporting a type when 'isolatedModules' is enabled requires using 'export type'.
src/platform/index.ts(33,3): error TS1205: Re-exporting a type when 'isolatedModules' is enabled requires using 'export type'.
src/platform/index.ts(35,3): error TS1205: Re-exporting a type when 'isolatedModules' is enabled requires using 'export type'.
src/platform/index.ts(38,3): error TS1205: Re-exporting a type when 'isolatedModules' is enabled requires using 'export type'.
src/platform/index.ts(45,3): error TS1205: Re-exporting a type when 'isolatedModules' is enabled requires using 'export type'.
src/platform/index.ts(49,3): error TS1205: Re-exporting a type when 'isolatedModules' is enabled requires using 'export type'.
src/platform/index.ts(51,3): error TS1205: Re-exporting a type when 'isolatedModules' is enabled requires using 'export type'.
src/platform/index.ts(53,3): error TS1205: Re-exporting a type when 'isolatedModules' is enabled requires using 'export type'.
src/platform/index.ts(63,3): error TS1205: Re-exporting a type when 'isolatedModules' is enabled requires using 'export type'.
src/platform/index.ts(65,3): error TS1205: Re-exporting a type when 'isolatedModules' is enabled requires using 'export type'.
src/platform/index.ts(67,3): error TS1205: Re-exporting a type when 'isolatedModules' is enabled requires using 'export type'.
src/platform/index.ts(73,3): error TS1205: Re-exporting a type when 'isolatedModules' is enabled requires using 'export type'.
src/platform/index.ts(75,3): error TS1205: Re-exporting a type when 'isolatedModules' is enabled requires using 'export type'.
src/platform/index.ts(76,3): error TS1205: Re-exporting a type when 'isolatedModules' is enabled requires using 'export type'.
src/platform/index.ts(78,3): error TS1205: Re-exporting a type when 'isolatedModules' is enabled requires using 'export type'.
src/platform/index.ts(86,3): error TS1205: Re-exporting a type when 'isolatedModules' is enabled requires using 'export type'.
src/platform/index.ts(88,3): error TS1205: Re-exporting a type when 'isolatedModules' is enabled requires using 'export type'.
src/platform/index.ts(90,3): error TS1205: Re-exporting a type when 'isolatedModules' is enabled requires using 'export type'.
src/platform/index.ts(98,32): error TS2307: Cannot find module '../responsive/device-detection' or its corresponding type declarations.
src/platform/ios/IOSAdaptations.tsx(6,32): error TS2307: Cannot find module '../../responsive/device-detection' or its corresponding type declarations.
src/platform/PlatformGestures.tsx(6,32): error TS2307: Cannot find module '../responsive/device-detection' or its corresponding type declarations.
src/platform/PlatformGestures.tsx(7,24): error TS2459: Module '"../touch/TouchManager"' declares 'GestureEvent' locally, but it is not exported.
src/platform/PlatformGestures.tsx(91,18): error TS2339: Property 'edgeSwipe' does not exist on type '{ edgeSwipe: boolean; forceTouchDelay: number; pinchThreshold: number; swipeVelocity: number; bounceScroll: boolean; momentumScrolling: boolean; overscrollBehavior: string; } | { edgeSwipe: boolean; ... 4 more ...; pullToRefresh: boolean; } | { ...; }'.
  Property 'edgeSwipe' does not exist on type '{ rightClick: boolean; middleClick: boolean; wheelZoom: boolean; hoverDelay: number; dragThreshold: number; preciseCursor: boolean; }'.
src/platform/PlatformGestures.tsx(129,18): error TS2339: Property 'pullToRefresh' does not exist on type '{ edgeSwipe: boolean; forceTouchDelay: number; pinchThreshold: number; swipeVelocity: number; bounceScroll: boolean; momentumScrolling: boolean; overscrollBehavior: string; } | { edgeSwipe: boolean; ... 4 more ...; pullToRefresh: boolean; } | { ...; }'.
  Property 'pullToRefresh' does not exist on type '{ edgeSwipe: boolean; forceTouchDelay: number; pinchThreshold: number; swipeVelocity: number; bounceScroll: boolean; momentumScrolling: boolean; overscrollBehavior: string; }'.
src/platform/PlatformGestures.tsx(171,18): error TS2339: Property 'rightClick' does not exist on type '{ edgeSwipe: boolean; forceTouchDelay: number; pinchThreshold: number; swipeVelocity: number; bounceScroll: boolean; momentumScrolling: boolean; overscrollBehavior: string; } | { edgeSwipe: boolean; ... 4 more ...; pullToRefresh: boolean; } | { ...; }'.
  Property 'rightClick' does not exist on type '{ edgeSwipe: boolean; forceTouchDelay: number; pinchThreshold: number; swipeVelocity: number; bounceScroll: boolean; momentumScrolling: boolean; overscrollBehavior: string; }'.
src/platform/PlatformGestures.tsx(186,18): error TS2339: Property 'middleClick' does not exist on type '{ edgeSwipe: boolean; forceTouchDelay: number; pinchThreshold: number; swipeVelocity: number; bounceScroll: boolean; momentumScrolling: boolean; overscrollBehavior: string; } | { edgeSwipe: boolean; ... 4 more ...; pullToRefresh: boolean; } | { ...; }'.
  Property 'middleClick' does not exist on type '{ edgeSwipe: boolean; forceTouchDelay: number; pinchThreshold: number; swipeVelocity: number; bounceScroll: boolean; momentumScrolling: boolean; overscrollBehavior: string; }'.
src/platform/PlatformGestures.tsx(203,18): error TS2339: Property 'wheelZoom' does not exist on type '{ edgeSwipe: boolean; forceTouchDelay: number; pinchThreshold: number; swipeVelocity: number; bounceScroll: boolean; momentumScrolling: boolean; overscrollBehavior: string; } | { edgeSwipe: boolean; ... 4 more ...; pullToRefresh: boolean; } | { ...; }'.
  Property 'wheelZoom' does not exist on type '{ edgeSwipe: boolean; forceTouchDelay: number; pinchThreshold: number; swipeVelocity: number; bounceScroll: boolean; momentumScrolling: boolean; overscrollBehavior: string; }'.
src/platform/PlatformGestures.tsx(259,32): error TS2339: Property 'momentumScrolling' does not exist on type '{ edgeSwipe: boolean; forceTouchDelay: number; pinchThreshold: number; swipeVelocity: number; bounceScroll: boolean; momentumScrolling: boolean; overscrollBehavior: string; } | { edgeSwipe: boolean; ... 4 more ...; pullToRefresh: boolean; } | { ...; }'.
  Property 'momentumScrolling' does not exist on type '{ edgeSwipe: boolean; longPressDelay: number; doubleTapDelay: number; swipeVelocity: number; overscrollBehavior: string; pullToRefresh: boolean; }'.
src/platform/PlatformGestures.tsx(260,31): error TS2339: Property 'webkitOverflowScrolling' does not exist on type 'CSSStyleDeclaration'.
src/platform/PlatformGestures.tsx(264,16): error TS2339: Property 'overscrollBehavior' does not exist on type '{ edgeSwipe: boolean; forceTouchDelay: number; pinchThreshold: number; swipeVelocity: number; bounceScroll: boolean; momentumScrolling: boolean; overscrollBehavior: string; } | { edgeSwipe: boolean; ... 4 more ...; pullToRefresh: boolean; } | { ...; }'.
  Property 'overscrollBehavior' does not exist on type '{ rightClick: boolean; middleClick: boolean; wheelZoom: boolean; hoverDelay: number; dragThreshold: number; preciseCursor: boolean; }'.
src/platform/PlatformGestures.tsx(266,23): error TS2339: Property 'overscrollBehavior' does not exist on type '{ edgeSwipe: boolean; forceTouchDelay: number; pinchThreshold: number; swipeVelocity: number; bounceScroll: boolean; momentumScrolling: boolean; overscrollBehavior: string; } | { edgeSwipe: boolean; ... 4 more ...; pullToRefresh: boolean; } | { ...; }'.
  Property 'overscrollBehavior' does not exist on type '{ rightClick: boolean; middleClick: boolean; wheelZoom: boolean; hoverDelay: number; dragThreshold: number; preciseCursor: boolean; }'.
src/platform/PlatformOptimizations.tsx(6,32): error TS2307: Cannot find module '../responsive/device-detection' or its corresponding type declarations.
src/platform/PlatformOptimizations.tsx(217,21): error TS2339: Property 'webkitOverflowScrolling' does not exist on type 'CSSStyleDeclaration'.
src/responsive/index.ts(6,15): error TS2307: Cannot find module './grid' or its corresponding type declarations.
src/responsive/index.ts(7,15): error TS2307: Cannot find module './containers' or its corresponding type declarations.
src/responsive/index.ts(12,15): error TS2307: Cannot find module './components' or its corresponding type declarations.
src/responsive/index.ts(13,15): error TS2307: Cannot find module './hooks' or its corresponding type declarations.
src/stories/Mobile.stories.tsx(6,37): error TS2307: Cannot find module '@storybook/react' or its corresponding type declarations.
src/stories/Mobile.stories.tsx(23,42): error TS6305: Output file '/Users/brianbehm/CascadeProjects/prompt-spaghetti/packages/graph-core/dist/index.d.ts' has not been built from source file '/Users/brianbehm/CascadeProjects/prompt-spaghetti/packages/graph-core/src/index.ts'.
src/stories/Mobile.stories.tsx(34,5): error TS7006: Parameter 'Story' implicitly has an 'any' type.
src/stories/Mobile.stories.tsx(99,14): error TS2322: Type '{ children: string; variant: string; }' is not assignable to type 'IntrinsicAttributes & MobileButtonProps'.
  Property 'children' does not exist on type 'IntrinsicAttributes & MobileButtonProps'.
src/stories/Mobile.stories.tsx(100,14): error TS2322: Type '{ children: string; variant: string; }' is not assignable to type 'IntrinsicAttributes & MobileButtonProps'.
  Property 'children' does not exist on type 'IntrinsicAttributes & MobileButtonProps'.
src/stories/Mobile.stories.tsx(101,14): error TS2322: Type '{ children: string; variant: string; }' is not assignable to type 'IntrinsicAttributes & MobileButtonProps'.
  Property 'children' does not exist on type 'IntrinsicAttributes & MobileButtonProps'.
src/stories/Mobile.stories.tsx(102,14): error TS2322: Type '{ children: string; variant: string; }' is not assignable to type 'IntrinsicAttributes & MobileButtonProps'.
  Property 'children' does not exist on type 'IntrinsicAttributes & MobileButtonProps'.
src/stories/Mobile.stories.tsx(103,14): error TS2322: Type '{ children: string; variant: string; mobileFullWidth: true; }' is not assignable to type 'IntrinsicAttributes & MobileButtonProps'.
  Property 'children' does not exist on type 'IntrinsicAttributes & MobileButtonProps'.
src/stories/Mobile.stories.tsx(106,14): error TS2322: Type '{ children: string; variant: string; loading: true; }' is not assignable to type 'IntrinsicAttributes & MobileButtonProps'.
  Property 'children' does not exist on type 'IntrinsicAttributes & MobileButtonProps'.
src/stories/Mobile.stories.tsx(109,14): error TS2322: Type '{ children: string; variant: string; disabled: true; }' is not assignable to type 'IntrinsicAttributes & MobileButtonProps'.
  Property 'children' does not exist on type 'IntrinsicAttributes & MobileButtonProps'.
src/stories/Mobile.stories.tsx(120,15): error TS2322: Type '{ placeholder: string; value: string; onChange: (e: any) => void; clearable: true; }' is not assignable to type 'IntrinsicAttributes & MobileInputProps'.
  Property 'placeholder' does not exist on type 'IntrinsicAttributes & MobileInputProps'.
src/stories/Mobile.stories.tsx(122,25): error TS7006: Parameter 'e' implicitly has an 'any' type.
src/stories/Mobile.stories.tsx(126,32): error TS2322: Type '{ placeholder: string; onSearch: (value: string) => void; }' is not assignable to type 'IntrinsicAttributes & MobileSearchInputProps'.
  Property 'placeholder' does not exist on type 'IntrinsicAttributes & MobileSearchInputProps'.
src/stories/Mobile.stories.tsx(129,15): error TS2322: Type '{ type: string; placeholder: string; mobileInputMode: "email"; error: string; }' is not assignable to type 'IntrinsicAttributes & MobileInputProps'.
  Property 'type' does not exist on type 'IntrinsicAttributes & MobileInputProps'.
src/stories/Mobile.stories.tsx(136,15): error TS2322: Type '{ placeholder: string; value: string; onChange: (e: any) => void; maxLength: number; showCount: true; }' is not assignable to type 'IntrinsicAttributes & MobileTextAreaProps'.
  Property 'placeholder' does not exist on type 'IntrinsicAttributes & MobileTextAreaProps'.
src/stories/Mobile.stories.tsx(138,25): error TS7006: Parameter 'e' implicitly has an 'any' type.
src/stories/Mobile.stories.tsx(146,10): error TS2322: Type '{ children: string; position: "bottom-right"; }' is not assignable to type 'IntrinsicAttributes & MobileFABProps'.
  Property 'children' does not exist on type 'IntrinsicAttributes & MobileFABProps'.
src/stories/Mobile.stories.tsx(238,11): error TS2322: Type 'string | null' is not assignable to type 'string | undefined'.
  Type 'null' is not assignable to type 'string | undefined'.
src/stories/Mobile.stories.tsx(269,12): error TS2322: Type '{ children: string; size: string; }' is not assignable to type 'IntrinsicAttributes & MobileButtonProps'.
  Property 'children' does not exist on type 'IntrinsicAttributes & MobileButtonProps'.
src/stories/Mobile.stories.tsx(274,12): error TS2322: Type '{ children: string; size: string; }' is not assignable to type 'IntrinsicAttributes & MobileButtonProps'.
  Property 'children' does not exist on type 'IntrinsicAttributes & MobileButtonProps'.
src/stories/Responsive.stories.tsx(6,37): error TS2307: Cannot find module '@storybook/react' or its corresponding type declarations.
src/stories/Responsive.stories.tsx(8,3): error TS2305: Module '"../responsive"' has no exported member 'Grid'.
src/stories/Responsive.stories.tsx(9,3): error TS2305: Module '"../responsive"' has no exported member 'Row'.
src/stories/Responsive.stories.tsx(10,3): error TS2305: Module '"../responsive"' has no exported member 'Col'.
src/stories/Responsive.stories.tsx(11,3): error TS2305: Module '"../responsive"' has no exported member 'Container'.
src/stories/Responsive.stories.tsx(12,3): error TS2305: Module '"../responsive"' has no exported member 'CollapsiblePanel'.
src/stories/Responsive.stories.tsx(13,3): error TS2305: Module '"../responsive"' has no exported member 'AdaptiveLayout'.
src/stories/Responsive.stories.tsx(14,3): error TS2305: Module '"../responsive"' has no exported member 'ResponsiveDrawer'.
src/stories/Responsive.stories.tsx(15,3): error TS2305: Module '"../responsive"' has no exported member 'ResponsiveTabs'.
src/touch/NodeGestures.tsx(6,38): error TS6305: Output file '/Users/brianbehm/CascadeProjects/prompt-spaghetti/packages/graph-core/dist/index.d.ts' has not been built from source file '/Users/brianbehm/CascadeProjects/prompt-spaghetti/packages/graph-core/src/index.ts'.
src/touch/NodeGestures.tsx(46,57): error TS2345: Argument of type '56' is not assignable to parameter of type '44'.
src/touch/TouchContextMenu.tsx(376,5): error TS2741: Property 'label' is missing in type '{ id: string; type: "separator"; }' but required in type 'ContextMenuItem'.
src/touch/TouchContextMenu.tsx(393,5): error TS2741: Property 'label' is missing in type '{ id: string; type: "separator"; }' but required in type 'ContextMenuItem'.
src/touch/TouchContextMenu.tsx(417,5): error TS2741: Property 'label' is missing in type '{ id: string; type: "separator"; }' but required in type 'ContextMenuItem'.
src/touch/TouchContextMenu.tsx(448,5): error TS2741: Property 'label' is missing in type '{ id: string; type: "separator"; }' but required in type 'ContextMenuItem'.
src/touch/TouchContextMenu.tsx(468,5): error TS2741: Property 'label' is missing in type '{ id: string; type: "separator"; }' but required in type 'ContextMenuItem'.
src/touch/TouchManager.ts(424,7): error TS2322: Type 'SwipeDirection | null | undefined' is not assignable to type 'SwipeDirection | undefined'.
  Type 'null' is not assignable to type 'SwipeDirection | undefined'.
src/types.ts(6,53): error TS6305: Output file '/Users/brianbehm/CascadeProjects/prompt-spaghetti/packages/graph-core/dist/index.d.ts' has not been built from source file '/Users/brianbehm/CascadeProjects/prompt-spaghetti/packages/graph-core/src/index.ts'.
 ELIFECYCLE  Command failed with exit code 2.
