
> client@0.1.0 build C:\Users\Owner\CascadeProjects\prompt-spaghetti\client
> node build-standalone.js

Creating standalone build for deployment...
Environment: undefined
NETLIFY: undefined
Current working directory: C:\Users\Owner\CascadeProjects\prompt-spaghetti\client
Building with full Epic 1 functionality...
Running production build (safe mode on)...
[36mvite v7.0.5 [32mbuilding for production...[36m[39m
transforming...
[32m✓[39m 1582 modules transformed.
rendering chunks...
computing gzip size...
[2mdist/[22m[32mindex.html                                  [39m[1m[2m  0.64 kB[22m[1m[22m[2m │ gzip:   0.34 kB[22m
[2mdist/[22m[35massets/AssetBrowserIntegrated-BfZy27PL.css  [39m[1m[2m 21.09 kB[22m[1m[22m[2m │ gzip:   4.41 kB[22m
[2mdist/[22m[35massets/index-W50aTnfN.css                   [39m[1m[2m 74.16 kB[22m[1m[22m[2m │ gzip:  14.06 kB[22m
[2mdist/[22m[35massets/Epic1GraphEditor-IA3Myi5l.css        [39m[1m[2m 85.42 kB[22m[1m[22m[2m │ gzip:  15.83 kB[22m
[2mdist/[22m[36massets/PromptParser-CWroqQvz.js             [39m[1m[2m 12.46 kB[22m[1m[22m[2m │ gzip:   4.10 kB[22m[2m │ map:    59.88 kB[22m
[2mdist/[22m[36massets/AssetBrowserIntegrated-BcqJdyfY.js   [39m[1m[2m 43.56 kB[22m[1m[22m[2m │ gzip:  14.75 kB[22m[2m │ map:   179.41 kB[22m
[2mdist/[22m[36massets/utils-DCW_RshZ.js                    [39m[1m[2m 54.73 kB[22m[1m[22m[2m │ gzip:  12.77 kB[22m[2m │ map:   227.62 kB[22m
[2mdist/[22m[36massets/vendor-Bs7gn1Hv.js                   [39m[1m[2m142.42 kB[22m[1m[22m[2m │ gzip:  45.70 kB[22m[2m │ map:   345.16 kB[22m
[2mdist/[22m[36massets/flow-BlFswsXf.js                     [39m[1m[2m145.88 kB[22m[1m[22m[2m │ gzip:  48.11 kB[22m[2m │ map:   593.22 kB[22m
[2mdist/[22m[36massets/index-DRVxgpOD.js                    [39m[1m[2m493.56 kB[22m[1m[22m[2m │ gzip: 148.97 kB[22m[2m │ map: 2,234.89 kB[22m
[2mdist/[22m[36massets/Epic1GraphEditor-DI-0gQfX.js         [39m[1m[33m549.41 kB[39m[22m[2m │ gzip: 166.35 kB[22m[2m │ map: 2,646.00 kB[22m
[33m
(!) Some chunks are larger than 500 kB after minification. Consider:
- Using dynamic import() to code-split the application
- Use build.rollupOptions.output.manualChunks to improve chunking: https://rollupjs.org/configuration-options/#output-manualchunks
- Adjust chunk size limit for this warning via build.chunkSizeWarningLimit.[39m
[32m✓ built in 4.08s[39m
Standalone build complete!
