// Jest Snapshot v1, https://goo.gl/fbAQLP

exports[`GraphNode Component matches snapshot 1`] = `
<div>
  <div>
    <div
      class=""
      style="padding: 12px; border: 1px solid #666; border-radius: 6px; background: rgb(58, 58, 58); color: rgb(224, 224, 224); min-width: 120px; font-size: 14px; font-weight: 500; box-shadow: 0 2px 8px rgba(0,0,0,0.3); transition: all 0.2s ease;"
    >
      <strong
        data-testid="node-label"
      >
        Test Node
      </strong>
      <div
        class="react-flow__handle-top react-flow__handle nodrag nopan target connectable connectablestart connectableend connectionindicator"
        data-handlepos="top"
        data-id="null-null-target"
        data-testid="handle-target-top"
        style="border-radius: 3px; width: 8px; height: 8px; background-color: rgb(102, 102, 102); border: 2px solid #e0e0e0;"
      />
      <div
        class="react-flow__handle-bottom react-flow__handle nodrag nopan source connectable connectablestart connectableend connectionindicator"
        data-handlepos="bottom"
        data-id="null-null-source"
        data-testid="handle-source-bottom"
        style="border-radius: 3px; width: 8px; height: 8px; background-color: rgb(102, 102, 102); border: 2px solid #e0e0e0;"
      />
    </div>
  </div>
</div>
`;
