// Jest Snapshot v1, https://goo.gl/fbAQLP

exports[`matches snapshot 1`] = `
<div>
  <aside
    class="node-palette"
  >
    <h4>
      Node Library
    </h4>
    <button
      aria-label="Add WeightedChoice node"
      class="palette-item"
      draggable="true"
      role="button"
      style="width: 100%; text-align: left; background: none; padding: 0px;"
      tabindex="0"
      title="WeightedChoice"
    >
      WeightedChoice
    </button>
    <button
      aria-label="Add Concat node"
      class="palette-item"
      draggable="true"
      role="button"
      style="width: 100%; text-align: left; background: none; padding: 0px;"
      tabindex="0"
      title="Concat"
    >
      Concat
    </button>
    <button
      aria-label="Add Output node"
      class="palette-item"
      draggable="true"
      role="button"
      style="width: 100%; text-align: left; background: none; padding: 0px;"
      tabindex="0"
      title="Output"
    >
      Output
    </button>
    <button
      aria-label="Add Include node"
      class="palette-item"
      draggable="true"
      role="button"
      style="width: 100%; text-align: left; background: none; padding: 0px;"
      tabindex="0"
      title="Include"
    >
      Include
    </button>
    <button
      aria-label="Add SetVariable node"
      class="palette-item"
      draggable="true"
      role="button"
      style="width: 100%; text-align: left; background: none; padding: 0px;"
      tabindex="0"
      title="SetVariable"
    >
      SetVariable
    </button>
    <button
      aria-label="Add GetVariable node"
      class="palette-item"
      draggable="true"
      role="button"
      style="width: 100%; text-align: left; background: none; padding: 0px;"
      tabindex="0"
      title="GetVariable"
    >
      GetVariable
    </button>
  </aside>
</div>
`;
