
> @promptscape/coordination@1.0.0 start:all
> concurrently -n "Gateway,PO,SM,Dev-A,Dev-B,Dev-C,Stuck,Metrics" -c "cyan,green,yellow,blue,magenta,white,red,gray" "npm:gateway" "npm:agent:*" "npm:watcher:*"

[POsm] 
[POsm] > @promptscape/coordination@1.0.0 agent:sm
[POsm] > ts-node -e "new (require('./agents/scrumMasterAgent').ScrumMasterAgent)().runForever()"
[POsm] 
[POdev-b] 
[POdev-b] > @promptscape/coordination@1.0.0 agent:dev-b
[POdev-b] > ts-node -e "require('./agents/devAgentTemplate').createDevAgent('dev_B').runForever()"
[POdev-b] 
[Gateway] 
[Gateway] > @promptscape/coordination@1.0.0 gateway
[Gateway] > ts-node gateway/index.ts
[Gateway] 
[POpo] 
[POpo] > @promptscape/coordination@1.0.0 agent:po
[POpo] > ts-node -e "new (require('./agents/productOwnerAgent').ProductOwnerAgent)().runForever()"
[POpo] 
[POdev-a] 
[POdev-a] > @promptscape/coordination@1.0.0 agent:dev-a
[POdev-a] > ts-node -e "require('./agents/devAgentTemplate').createDevAgent('dev_A').runForever()"
[POdev-a] 
[POdev-c] 
[POdev-c] > @promptscape/coordination@1.0.0 agent:dev-c
[POdev-c] > ts-node -e "require('./agents/devAgentTemplate').createDevAgent('dev_C').runForever()"
[POdev-c] 
[SMmetrics] 
[SMmetrics] > @promptscape/coordination@1.0.0 watcher:metrics
[SMmetrics] > ts-node watchers/metricsCollector.ts
[SMmetrics] 
[SMstuck] 
[SMstuck] > @promptscape/coordination@1.0.0 watcher:stuck
[SMstuck] > ts-node watchers/stuckWatcher.ts
[SMstuck] 
[SMstuck] 👀 Starting stuck task watcher...
[SMmetrics] 📊 Starting metrics collector...
[POdev-b] 🤖 dev_B_agent initialized at event 13
[POdev-b] 🚀 dev_B_agent starting main loop...
[POsm] 🤖 scrum_master_agent initialized at event 13
[POsm] 🚀 scrum_master_agent starting main loop...
[POpo] 🤖 product_owner_agent initialized at event 13
[POpo] 🚀 product_owner_agent starting main loop...
[POdev-a] 🤖 dev_A_agent initialized at event 13
[POdev-a] 🚀 dev_A_agent starting main loop...
[POdev-c] 🤖 dev_C_agent initialized at event 13
[POdev-c] 🚀 dev_C_agent starting main loop...
[Gateway] ❌ DISCORD_BOT_TOKEN environment variable required
[Gateway] npm run gateway exited with code 1
[POsm] scrum_master_agent emitted: TASK_CREATED (ID: 15)
[POsm] scrum_master_agent - Event validation failed: [ 'Task T-1752950672636 does not exist' ]
[POsm] npm run agent:sm exited with code SIGTERM
[SMstuck] npm run watcher:stuck exited with code SIGTERM
[POdev-b] npm run agent:dev-b exited with code SIGTERM
[SMmetrics] npm run watcher:metrics exited with code SIGTERM
[POpo] npm run agent:po exited with code SIGTERM
[POdev-c] npm run agent:dev-c exited with code SIGTERM
[POdev-a] npm run agent:dev-a exited with code SIGTERM
